Archive member included to satisfy reference by file (symbol)

C:/ST/STM32CubeIDE_2.0.0/STM32CubeIDE/plugins/com.st.stm32cube.ide.mcu.externaltools.gnu-tools-for-stm32.14.3.rel1.win32_1.0.100.202602081740/tools/bin/../lib/gcc/arm-none-eabi/14.3.1/../../../../arm-none-eabi/lib/thumb/v7e-m+fp/hard\libc_nano.a(libc_a-exit.o)
                              C:/ST/STM32CubeIDE_2.0.0/STM32CubeIDE/plugins/com.st.stm32cube.ide.mcu.externaltools.gnu-tools-for-stm32.14.3.rel1.win32_1.0.100.202602081740/tools/bin/../lib/gcc/arm-none-eabi/14.3.1/../../../../arm-none-eabi/lib/thumb/v7e-m+fp/hard/crt0.o (exit)
C:/ST/STM32CubeIDE_2.0.0/STM32CubeIDE/plugins/com.st.stm32cube.ide.mcu.externaltools.gnu-tools-for-stm32.14.3.rel1.win32_1.0.100.202602081740/tools/bin/../lib/gcc/arm-none-eabi/14.3.1/../../../../arm-none-eabi/lib/thumb/v7e-m+fp/hard\libc_nano.a(libc_a-findfp.o)
                              C:/ST/STM32CubeIDE_2.0.0/STM32CubeIDE/plugins/com.st.stm32cube.ide.mcu.externaltools.gnu-tools-for-stm32.14.3.rel1.win32_1.0.100.202602081740/tools/bin/../lib/gcc/arm-none-eabi/14.3.1/../../../../arm-none-eabi/lib/thumb/v7e-m+fp/hard\libc_nano.a(libc_a-exit.o) (__stdio_exit_handler)
C:/ST/STM32CubeIDE_2.0.0/STM32CubeIDE/plugins/com.st.stm32cube.ide.mcu.externaltools.gnu-tools-for-stm32.14.3.rel1.win32_1.0.100.202602081740/tools/bin/../lib/gcc/arm-none-eabi/14.3.1/../../../../arm-none-eabi/lib/thumb/v7e-m+fp/hard\libc_nano.a(libc_a-fwalk.o)
                              C:/ST/STM32CubeIDE_2.0.0/STM32CubeIDE/plugins/com.st.stm32cube.ide.mcu.externaltools.gnu-tools-for-stm32.14.3.rel1.win32_1.0.100.202602081740/tools/bin/../lib/gcc/arm-none-eabi/14.3.1/../../../../arm-none-eabi/lib/thumb/v7e-m+fp/hard\libc_nano.a(libc_a-findfp.o) (_fwalk_sglue)
C:/ST/STM32CubeIDE_2.0.0/STM32CubeIDE/plugins/com.st.stm32cube.ide.mcu.externaltools.gnu-tools-for-stm32.14.3.rel1.win32_1.0.100.202602081740/tools/bin/../lib/gcc/arm-none-eabi/14.3.1/../../../../arm-none-eabi/lib/thumb/v7e-m+fp/hard\libc_nano.a(libc_a-sprintf.o)
                              ./Core/Src/cdc_app.o (sprintf)
C:/ST/STM32CubeIDE_2.0.0/STM32CubeIDE/plugins/com.st.stm32cube.ide.mcu.externaltools.gnu-tools-for-stm32.14.3.rel1.win32_1.0.100.202602081740/tools/bin/../lib/gcc/arm-none-eabi/14.3.1/../../../../arm-none-eabi/lib/thumb/v7e-m+fp/hard\libc_nano.a(libc_a-stdio.o)
                              C:/ST/STM32CubeIDE_2.0.0/STM32CubeIDE/plugins/com.st.stm32cube.ide.mcu.externaltools.gnu-tools-for-stm32.14.3.rel1.win32_1.0.100.202602081740/tools/bin/../lib/gcc/arm-none-eabi/14.3.1/../../../../arm-none-eabi/lib/thumb/v7e-m+fp/hard\libc_nano.a(libc_a-findfp.o) (__sread)
C:/ST/STM32CubeIDE_2.0.0/STM32CubeIDE/plugins/com.st.stm32cube.ide.mcu.externaltools.gnu-tools-for-stm32.14.3.rel1.win32_1.0.100.202602081740/tools/bin/../lib/gcc/arm-none-eabi/14.3.1/../../../../arm-none-eabi/lib/thumb/v7e-m+fp/hard\libc_nano.a(libc_a-memset.o)
                              C:/ST/STM32CubeIDE_2.0.0/STM32CubeIDE/plugins/com.st.stm32cube.ide.mcu.externaltools.gnu-tools-for-stm32.14.3.rel1.win32_1.0.100.202602081740/tools/bin/../lib/gcc/arm-none-eabi/14.3.1/../../../../arm-none-eabi/lib/thumb/v7e-m+fp/hard/crt0.o (memset)
C:/ST/STM32CubeIDE_2.0.0/STM32CubeIDE/plugins/com.st.stm32cube.ide.mcu.externaltools.gnu-tools-for-stm32.14.3.rel1.win32_1.0.100.202602081740/tools/bin/../lib/gcc/arm-none-eabi/14.3.1/../../../../arm-none-eabi/lib/thumb/v7e-m+fp/hard\libc_nano.a(libc_a-closer.o)
                              C:/ST/STM32CubeIDE_2.0.0/STM32CubeIDE/plugins/com.st.stm32cube.ide.mcu.externaltools.gnu-tools-for-stm32.14.3.rel1.win32_1.0.100.202602081740/tools/bin/../lib/gcc/arm-none-eabi/14.3.1/../../../../arm-none-eabi/lib/thumb/v7e-m+fp/hard\libc_nano.a(libc_a-stdio.o) (_close_r)
C:/ST/STM32CubeIDE_2.0.0/STM32CubeIDE/plugins/com.st.stm32cube.ide.mcu.externaltools.gnu-tools-for-stm32.14.3.rel1.win32_1.0.100.202602081740/tools/bin/../lib/gcc/arm-none-eabi/14.3.1/../../../../arm-none-eabi/lib/thumb/v7e-m+fp/hard\libc_nano.a(libc_a-reent.o)
                              C:/ST/STM32CubeIDE_2.0.0/STM32CubeIDE/plugins/com.st.stm32cube.ide.mcu.externaltools.gnu-tools-for-stm32.14.3.rel1.win32_1.0.100.202602081740/tools/bin/../lib/gcc/arm-none-eabi/14.3.1/../../../../arm-none-eabi/lib/thumb/v7e-m+fp/hard\libc_nano.a(libc_a-closer.o) (errno)
C:/ST/STM32CubeIDE_2.0.0/STM32CubeIDE/plugins/com.st.stm32cube.ide.mcu.externaltools.gnu-tools-for-stm32.14.3.rel1.win32_1.0.100.202602081740/tools/bin/../lib/gcc/arm-none-eabi/14.3.1/../../../../arm-none-eabi/lib/thumb/v7e-m+fp/hard\libc_nano.a(libc_a-impure.o)
                              C:/ST/STM32CubeIDE_2.0.0/STM32CubeIDE/plugins/com.st.stm32cube.ide.mcu.externaltools.gnu-tools-for-stm32.14.3.rel1.win32_1.0.100.202602081740/tools/bin/../lib/gcc/arm-none-eabi/14.3.1/../../../../arm-none-eabi/lib/thumb/v7e-m+fp/hard\libc_nano.a(libc_a-sprintf.o) (_impure_ptr)
[...]
Memory Configuration

Name             Origin             Length             Attributes
RAM              0x20000000         0x00020000         xrw
FLASH            0x08000000         0x00080000         xr
*default*        0x00000000         0xffffffff

Linker script and memory map

LOAD C:/ST/STM32CubeIDE_2.0.0/STM32CubeIDE/plugins/com.st.stm32cube.ide.mcu.externaltools.gnu-tools-for-stm32.14.3.rel1.win32_1.0.100.202602081740/tools/bin/../lib/gcc/arm-none-eabi/14.3.1/thumb/v7e-m+fp/hard/crti.o
LOAD C:/ST/STM32CubeIDE_2.0.0/STM32CubeIDE/plugins/com.st.stm32cube.ide.mcu.externaltools.gnu-tools-for-stm32.14.3.rel1.win32_1.0.100.202602081740/tools/bin/../lib/gcc/arm-none-eabi/14.3.1/thumb/v7e-m+fp/hard/crtbegin.o
LOAD C:/ST/STM32CubeIDE_2.0.0/STM32CubeIDE/plugins/com.st.stm32cube.ide.mcu.externaltools.gnu-tools-for-stm32.14.3.rel1.win32_1.0.100.202602081740/tools/bin/../lib/gcc/arm-none-eabi/14.3.1/../../../../arm-none-eabi/lib/thumb/v7e-m+fp/hard/crt0.o
LOAD ./Core/Src/cdc_app.o
LOAD ./Core/Src/main.o
LOAD ./Core/Src/stm32f4xx_hal_msp.o
LOAD ./Core/Src/stm32f4xx_it.o
LOAD ./Core/Src/syscalls.o
LOAD ./Core/Src/sysmem.o
LOAD ./Core/Src/system_stm32f4xx.o
LOAD ./Core/Src/uac2_app.o
LOAD ./Core/Src/usb_descriptors.o
LOAD ./Core/Startup/startup_stm32f411ceux.o
LOAD ./Drivers/STM32F4xx_HAL_Driver/Src/stm32f4xx_hal.o
LOAD ./Drivers/STM32F4xx_HAL_Driver/Src/stm32f4xx_hal_cortex.o
LOAD ./Drivers/STM32F4xx_HAL_Driver/Src/stm32f4xx_hal_dma.o
LOAD ./Drivers/STM32F4xx_HAL_Driver/Src/stm32f4xx_hal_dma_ex.o
LOAD ./Drivers/STM32F4xx_HAL_Driver/Src/stm32f4xx_hal_exti.o
LOAD ./Drivers/STM32F4xx_HAL_Driver/Src/stm32f4xx_hal_flash.o
LOAD ./Drivers/STM32F4xx_HAL_Driver/Src/stm32f4xx_hal_flash_ex.o
LOAD ./Drivers/STM32F4xx_HAL_Driver/Src/stm32f4xx_hal_flash_ramfunc.o
LOAD ./Drivers/STM32F4xx_HAL_Driver/Src/stm32f4xx_hal_gpio.o
LOAD ./Drivers/STM32F4xx_HAL_Driver/Src/stm32f4xx_hal_pcd.o
LOAD ./Drivers/STM32F4xx_HAL_Driver/Src/stm32f4xx_hal_pcd_ex.o
LOAD ./Drivers/STM32F4xx_HAL_Driver/Src/stm32f4xx_hal_pwr.o
LOAD ./Drivers/STM32F4xx_HAL_Driver/Src/stm32f4xx_hal_pwr_ex.o
LOAD ./Drivers/STM32F4xx_HAL_Driver/Src/stm32f4xx_hal_rcc.o
LOAD ./Drivers/STM32F4xx_HAL_Driver/Src/stm32f4xx_hal_rcc_ex.o
LOAD ./Drivers/STM32F4xx_HAL_Driver/Src/stm32f4xx_ll_usb.o
LOAD ./tinyusb-0.20.0/src/class/audio/audio_device.o
LOAD ./tinyusb-0.20.0/src/class/bth/bth_device.o
LOAD ./tinyusb-0.20.0/src/class/cdc/cdc_device.o
LOAD ./tinyusb-0.20.0/src/class/cdc/cdc_host.o
LOAD ./tinyusb-0.20.0/src/class/cdc/cdc_rndis_host.o
LOAD ./tinyusb-0.20.0/src/class/dfu/dfu_device.o
LOAD ./tinyusb-0.20.0/src/class/dfu/dfu_rt_device.o
LOAD ./tinyusb-0.20.0/src/class/hid/hid_device.o
LOAD ./tinyusb-0.20.0/src/class/hid/hid_host.o
LOAD ./tinyusb-0.20.0/src/class/midi/midi_device.o
LOAD ./tinyusb-0.20.0/src/class/midi/midi_host.o
LOAD ./tinyusb-0.20.0/src/class/msc/msc_device.o
LOAD ./tinyusb-0.20.0/src/class/msc/msc_host.o
LOAD ./tinyusb-0.20.0/src/class/mtp/mtp_device.o
LOAD ./tinyusb-0.20.0/src/class/net/ecm_rndis_device.o
LOAD ./tinyusb-0.20.0/src/class/net/ncm_device.o
LOAD ./tinyusb-0.20.0/src/class/usbtmc/usbtmc_device.o
LOAD ./tinyusb-0.20.0/src/class/vendor/vendor_device.o
LOAD ./tinyusb-0.20.0/src/class/vendor/vendor_host.o
LOAD ./tinyusb-0.20.0/src/class/video/video_device.o
LOAD ./tinyusb-0.20.0/src/common/tusb_fifo.o
LOAD ./tinyusb-0.20.0/src/device/usbd.o
LOAD ./tinyusb-0.20.0/src/device/usbd_control.o
LOAD ./tinyusb-0.20.0/src/host/hub.o
LOAD ./tinyusb-0.20.0/src/host/usbh.o
LOAD ./tinyusb-0.20.0/src/portable/analog/max3421/hcd_max3421.o
LOAD ./tinyusb-0.20.0/src/portable/bridgetek/ft9xx/dcd_ft9xx.o
LOAD ./tinyusb-0.20.0/src/portable/chipidea/ci_fs/dcd_ci_fs.o
LOAD ./tinyusb-0.20.0/src/portable/chipidea/ci_hs/dcd_ci_hs.o
LOAD ./tinyusb-0.20.0/src/portable/chipidea/ci_hs/hcd_ci_hs.o
LOAD ./tinyusb-0.20.0/src/portable/dialog/da146xx/dcd_da146xx.o
LOAD ./tinyusb-0.20.0/src/portable/ehci/ehci.o
LOAD ./tinyusb-0.20.0/src/portable/mentor/musb/dcd_musb.o
LOAD ./tinyusb-0.20.0/src/portable/mentor/musb/hcd_musb.o
LOAD ./tinyusb-0.20.0/src/portable/microchip/pic/dcd_pic.o
LOAD ./tinyusb-0.20.0/src/portable/microchip/pic32mz/dcd_pic32mz.o
LOAD ./tinyusb-0.20.0/src/portable/microchip/samd/dcd_samd.o
LOAD ./tinyusb-0.20.0/src/portable/microchip/samd/hcd_samd.o
LOAD ./tinyusb-0.20.0/src/portable/microchip/samg/dcd_samg.o
LOAD ./tinyusb-0.20.0/src/portable/microchip/samx7x/dcd_samx7x.o
LOAD ./tinyusb-0.20.0/src/portable/mindmotion/mm32/dcd_mm32f327x_otg.o
LOAD ./tinyusb-0.20.0/src/portable/nordic/nrf5x/dcd_nrf5x.o
LOAD ./tinyusb-0.20.0/src/portable/nuvoton/nuc120/dcd_nuc120.o
LOAD ./tinyusb-0.20.0/src/portable/nuvoton/nuc121/dcd_nuc121.o
LOAD ./tinyusb-0.20.0/src/portable/nuvoton/nuc505/dcd_nuc505.o
LOAD ./tinyusb-0.20.0/src/portable/nxp/khci/dcd_khci.o
LOAD ./tinyusb-0.20.0/src/portable/nxp/khci/hcd_khci.o
LOAD ./tinyusb-0.20.0/src/portable/nxp/lpc17_40/dcd_lpc17_40.o
LOAD ./tinyusb-0.20.0/src/portable/nxp/lpc_ip3511/dcd_lpc_ip3511.o
LOAD ./tinyusb-0.20.0/src/portable/ohci/ohci.o
LOAD ./tinyusb-0.20.0/src/portable/raspberrypi/pio_usb/dcd_pio_usb.o
LOAD ./tinyusb-0.20.0/src/portable/raspberrypi/pio_usb/hcd_pio_usb.o
LOAD ./tinyusb-0.20.0/src/portable/raspberrypi/rp2040/dcd_rp2040.o
LOAD ./tinyusb-0.20.0/src/portable/raspberrypi/rp2040/hcd_rp2040.o
LOAD ./tinyusb-0.20.0/src/portable/raspberrypi/rp2040/rp2040_usb.o
LOAD ./tinyusb-0.20.0/src/portable/renesas/rusb2/dcd_rusb2.o
LOAD ./tinyusb-0.20.0/src/portable/renesas/rusb2/hcd_rusb2.o
LOAD ./tinyusb-0.20.0/src/portable/renesas/rusb2/rusb2_common.o
LOAD ./tinyusb-0.20.0/src/portable/sony/cxd56/dcd_cxd56.o
LOAD ./tinyusb-0.20.0/src/portable/st/stm32_fsdev/dcd_stm32_fsdev.o
LOAD ./tinyusb-0.20.0/src/portable/st/typec/typec_stm32.o
LOAD ./tinyusb-0.20.0/src/portable/sunxi/dcd_sunxi_musb.o
LOAD ./tinyusb-0.20.0/src/portable/synopsys/dwc2/dcd_dwc2.o
LOAD ./tinyusb-0.20.0/src/portable/synopsys/dwc2/dwc2_common.o
LOAD ./tinyusb-0.20.0/src/portable/synopsys/dwc2/hcd_dwc2.o
LOAD ./tinyusb-0.20.0/src/portable/template/dcd_template.o
LOAD ./tinyusb-0.20.0/src/portable/template/hcd_template.o
LOAD ./tinyusb-0.20.0/src/portable/ti/msp430x5xx/dcd_msp430x5xx.o
LOAD ./tinyusb-0.20.0/src/portable/valentyusb/eptri/dcd_eptri.o
LOAD ./tinyusb-0.20.0/src/portable/wch/dcd_ch32_usbfs.o
LOAD ./tinyusb-0.20.0/src/portable/wch/dcd_ch32_usbhs.o
LOAD ./tinyusb-0.20.0/src/portable/wch/hcd_ch32_usbfs.o
LOAD ./tinyusb-0.20.0/src/tusb.o
LOAD ./tinyusb-0.20.0/src/typec/usbc.o
START GROUP
LOAD C:/ST/STM32CubeIDE_2.0.0/STM32CubeIDE/plugins/com.st.stm32cube.ide.mcu.externaltools.gnu-tools-for-stm32.14.3.rel1.win32_1.0.100.202602081740/tools/bin/../lib/gcc/arm-none-eabi/14.3.1/../../../../arm-none-eabi/lib/thumb/v7e-m+fp/hard\libc_nano.a
LOAD C:/ST/STM32CubeIDE_2.0.0/STM32CubeIDE/plugins/com.st.stm32cube.ide.mcu.externaltools.gnu-tools-for-stm32.14.3.rel1.win32_1.0.100.202602081740/tools/bin/../lib/gcc/arm-none-eabi/14.3.1/../../../../arm-none-eabi/lib/thumb/v7e-m+fp/hard\libm.a
END GROUP
START GROUP
LOAD C:/ST/STM32CubeIDE_2.0.0/STM32CubeIDE/plugins/com.st.stm32cube.ide.mcu.externaltools.gnu-tools-for-stm32.14.3.rel1.win32_1.0.100.202602081740/tools/bin/../lib/gcc/arm-none-eabi/14.3.1/thumb/v7e-m+fp/hard\libgcc.a
LOAD C:/ST/STM32CubeIDE_2.0.0/STM32CubeIDE/plugins/com.st.stm32cube.ide.mcu.externaltools.gnu-tools-for-stm32.14.3.rel1.win32_1.0.100.202602081740/tools/bin/../lib/gcc/arm-none-eabi/14.3.1/../../../../arm-none-eabi/lib/thumb/v7e-m+fp/hard\libc_nano.a
END GROUP
START GROUP
LOAD C:/ST/STM32CubeIDE_2.0.0/STM32CubeIDE/plugins/com.st.stm32cube.ide.mcu.externaltools.gnu-tools-for-stm32.14.3.rel1.win32_1.0.100.202602081740/tools/bin/../lib/gcc/arm-none-eabi/14.3.1/thumb/v7e-m+fp/hard\libgcc.a
LOAD C:/ST/STM32CubeIDE_2.0.0/STM32CubeIDE/plugins/com.st.stm32cube.ide.mcu.externaltools.gnu-tools-for-stm32.14.3.rel1.win32_1.0.100.202602081740/tools/bin/../lib/gcc/arm-none-eabi/14.3.1/../../../../arm-none-eabi/lib/thumb/v7e-m+fp/hard\libc_nano.a
LOAD C:/ST/STM32CubeIDE_2.0.0/STM32CubeIDE/plugins/com.st.stm32cube.ide.mcu.externaltools.gnu-tools-for-stm32.14.3.rel1.win32_1.0.100.202602081740/tools/bin/../lib/gcc/arm-none-eabi/14.3.1/../../../../arm-none-eabi/lib/thumb/v7e-m+fp/hard\libnosys.a
END GROUP
START GROUP
LOAD C:/ST/STM32CubeIDE_2.0.0/STM32CubeIDE/plugins/com.st.stm32cube.ide.mcu.externaltools.gnu-tools-for-stm32.14.3.rel1.win32_1.0.100.202602081740/tools/bin/../lib/gcc/arm-none-eabi/14.3.1/thumb/v7e-m+fp/hard\libgcc.a
LOAD C:/ST/STM32CubeIDE_2.0.0/STM32CubeIDE/plugins/com.st.stm32cube.ide.mcu.externaltools.gnu-tools-for-stm32.14.3.rel1.win32_1.0.100.202602081740/tools/bin/../lib/gcc/arm-none-eabi/14.3.1/../../../../arm-none-eabi/lib/thumb/v7e-m+fp/hard\libc_nano.a
LOAD C:/ST/STM32CubeIDE_2.0.0/STM32CubeIDE/plugins/com.st.stm32cube.ide.mcu.externaltools.gnu-tools-for-stm32.14.3.rel1.win32_1.0.100.202602081740/tools/bin/../lib/gcc/arm-none-eabi/14.3.1/../../../../arm-none-eabi/lib/thumb/v7e-m+fp/hard\libnosys.a
END GROUP
LOAD C:/ST/STM32CubeIDE_2.0.0/STM32CubeIDE/plugins/com.st.stm32cube.ide.mcu.externaltools.gnu-tools-for-stm32.14.3.rel1.win32_1.0.100.202602081740/tools/bin/../lib/gcc/arm-none-eabi/14.3.1/thumb/v7e-m+fp/hard/crtend.o
LOAD C:/ST/STM32CubeIDE_2.0.0/STM32CubeIDE/plugins/com.st.stm32cube.ide.mcu.externaltools.gnu-tools-for-stm32.14.3.rel1.win32_1.0.100.202602081740/tools/bin/../lib/gcc/arm-none-eabi/14.3.1/thumb/v7e-m+fp/hard/crtn.o
                0x20020000                        _estack = (ORIGIN (RAM) + LENGTH (RAM))
                0x00000600                        _Min_Heap_Size = 0x600
                0x00001000                        _Min_Stack_Size = 0x1000

.isr_vector     0x08000000      0x198
                0x08000000                        . = ALIGN (0x4)
 *(.isr_vector)
 .isr_vector    0x08000000      0x198 ./Core/Startup/startup_stm32f411ceux.o
                0x08000000                g_pfnVectors
                0x08000198                        . = ALIGN (0x4)

.text           0x080001a0     0xae9c
                0x080001a0                        . = ALIGN (0x4)
 *(.text)
 .text          0x080001a0       0x40 C:/ST/STM32CubeIDE_2.0.0/STM32CubeIDE/plugins/com.st.stm32cube.ide.mcu.externaltools.gnu-tools-for-stm32.14.3.rel1.win32_1.0.100.202602081740/tools/bin/../lib/gcc/arm-none-eabi/14.3.1/thumb/v7e-m+fp/hard/crtbegin.o
 .text          0x080001e0       0x10 C:/ST/STM32CubeIDE_2.0.0/STM32CubeIDE/plugins/com.st.stm32cube.ide.mcu.externaltools.gnu-tools-for-stm32.14.3.rel1.win32_1.0.100.202602081740/tools/bin/../lib/gcc/arm-none-eabi/14.3.1/../../../../arm-none-eabi/lib/thumb/v7e-m+fp/hard\libc_nano.a(libc_a-strlen.o)
                0x080001e0                strlen
 .text          0x080001f0       0xa0 C:/ST/STM32CubeIDE_2.0.0/STM32CubeIDE/plugins/com.st.stm32cube.ide.mcu.externaltools.gnu-tools-for-stm32.14.3.rel1.win32_1.0.100.202602081740/tools/bin/../lib/gcc/arm-none-eabi/14.3.1/../../../../arm-none-eabi/lib/thumb/v7e-m+fp/hard\libc_nano.a(libc_a-memchr.o)
                0x080001f0                memchr
 .text          0x08000290       0x30 C:/ST/STM32CubeIDE_2.0.0/STM32CubeIDE/plugins/com.st.stm32cube.ide.mcu.externaltools.gnu-tools-for-stm32.14.3.rel1.win32_1.0.100.202602081740/tools/bin/../lib/gcc/arm-none-eabi/14.3.1/thumb/v7e-m+fp/hard\libgcc.a(_aeabi_uldivmod.o)
                0x08000290                __aeabi_uldivmod
 .text          0x080002c0      0x2f8 C:/ST/STM32CubeIDE_2.0.0/STM32CubeIDE/plugins/com.st.stm32cube.ide.mcu.externaltools.gnu-tools-for-stm32.14.3.rel1.win32_1.0.100.202602081740/tools/bin/../lib/gcc/arm-none-eabi/14.3.1/thumb/v7e-m+fp/hard\libgcc.a(_udivmoddi4.o)
                0x080002c0                __udivmoddi4
 .text          0x080005b8        0x4 C:/ST/STM32CubeIDE_2.0.0/STM32CubeIDE/plugins/com.st.stm32cube.ide.mcu.externaltools.gnu-tools-for-stm32.14.3.rel1.win32_1.0.100.202602081740/tools/bin/../lib/gcc/arm-none-eabi/14.3.1/thumb/v7e-m+fp/hard\libgcc.a(_dvmd_tls.o)
                0x080005b8                __aeabi_idiv0
                0x080005b8                __aeabi_ldiv0
 *(.text*)
 .text.tud_cdc_line_state_cb
                0x080005bc       0x1e ./Core/Src/cdc_app.o
                0x080005bc                tud_cdc_line_state_cb
 *fill*         0x080005da        0x2 
 .text.tud_cdc_rx_cb
                0x080005dc       0x8c ./Core/Src/cdc_app.o
                0x080005dc                tud_cdc_rx_cb
 .text.main     0x08000668       0x60 ./Core/Src/main.o
                0x08000668                main
 .text.SystemClock_Config
                0x080006c8       0xd0 ./Core/Src/main.o
                0x080006c8                SystemClock_Config
 .text.MX_USB_OTG_FS_PCD_Init
                0x08000798       0x5c ./Core/Src/main.o
 .text.MX_GPIO_Init
                0x080007f4       0x6c ./Core/Src/main.o
 .text.Error_Handler
                0x08000860        0xc ./Core/Src/main.o
                0x08000860                Error_Handler
 .text.HAL_MspInit
                0x0800086c       0x50 ./Core/Src/stm32f4xx_hal_msp.o
                0x0800086c                HAL_MspInit
 .text.HAL_PCD_MspInit
                0x080008bc       0xa8 ./Core/Src/stm32f4xx_hal_msp.o
                0x080008bc                HAL_PCD_MspInit
 .text.NMI_Handler
                0x08000964        0x8 ./Core/Src/stm32f4xx_it.o
                0x08000964                NMI_Handler
 .text.HardFault_Handler
                0x0800096c        0x8 ./Core/Src/stm32f4xx_it.o
                0x0800096c                HardFault_Handler
 .text.MemManage_Handler
                0x08000974        0x8 ./Core/Src/stm32f4xx_it.o
                0x08000974                MemManage_Handler
 .text.BusFault_Handler
                0x0800097c        0x8 ./Core/Src/stm32f4xx_it.o
                0x0800097c                BusFault_Handler
 .text.UsageFault_Handler
                0x08000984        0x8 ./Core/Src/stm32f4xx_it.o
                0x08000984                UsageFault_Handler
 .text.SVC_Handler
                0x0800098c        0xe ./Core/Src/stm32f4xx_it.o
                0x0800098c                SVC_Handler
 .text.DebugMon_Handler
                0x0800099a        0xe ./Core/Src/stm32f4xx_it.o
                0x0800099a                DebugMon_Handler
 .text.PendSV_Handler
                0x080009a8        0xe ./Core/Src/stm32f4xx_it.o
                0x080009a8                PendSV_Handler
 .text.SysTick_Handler
                0x080009b6        0xc ./Core/Src/stm32f4xx_it.o
                0x080009b6                SysTick_Handler
 .text.OTG_FS_IRQHandler
                0x080009c2        0xe ./Core/Src/stm32f4xx_it.o
                0x080009c2                OTG_FS_IRQHandler
 .text._sbrk    0x080009d0       0x6c ./Core/Src/sysmem.o
                0x080009d0                _sbrk
 .text.SystemInit
                0x08000a3c       0x24 ./Core/Src/system_stm32f4xx.o
                0x08000a3c                SystemInit
 .text.audio_task
                0x08000a60        0xe ./Core/Src/uac2_app.o
                0x08000a60                audio_task
 *fill*         0x08000a6e        0x2 
 .text.tud_audio_clock_get_request
                0x08000a70      0x138 ./Core/Src/uac2_app.o
 .text.tud_audio_clock_set_request
                0x08000ba8       0x74 ./Core/Src/uac2_app.o
 .text.tud_audio_feature_unit_get_request
                0x08000c1c       0xcc ./Core/Src/uac2_app.o
 .text.tud_audio_feature_unit_set_request
                0x08000ce8       0xac ./Core/Src/uac2_app.o
 .text.tud_audio_get_req_entity_cb
                0x08000d94       0x46 ./Core/Src/uac2_app.o
                0x08000d94                tud_audio_get_req_entity_cb
 .text.tud_audio_set_req_entity_cb
                0x08000dda       0x4c ./Core/Src/uac2_app.o
                0x08000dda                tud_audio_set_req_entity_cb
 *fill*         0x08000e26        0x2 
 .text.tud_audio_set_itf_close_ep_cb
                0x08000e28       0x50 ./Core/Src/uac2_app.o
                0x08000e28                tud_audio_set_itf_close_ep_cb
 .text.tud_audio_set_itf_cb
                0x08000e78       0x68 ./Core/Src/uac2_app.o
                0x08000e78                tud_audio_set_itf_cb
 .text.tud_audio_rx_done_isr
                0x08000ee0       0x80 ./Core/Src/uac2_app.o
                0x08000ee0                tud_audio_rx_done_isr
 .text.tud_audio_tx_done_isr
                0x08000f60       0x4c ./Core/Src/uac2_app.o
                0x08000f60                tud_audio_tx_done_isr
 .text.tud_descriptor_device_cb
                0x08000fac       0x14 ./Core/Src/usb_descriptors.o
                0x08000fac                tud_descriptor_device_cb
 .text.tud_descriptor_configuration_cb
                0x08000fc0       0x1c ./Core/Src/usb_descriptors.o
                0x08000fc0                tud_descriptor_configuration_cb
 .text.tud_descriptor_string_cb
                0x08000fdc       0xa4 ./Core/Src/usb_descriptors.o
                0x08000fdc                tud_descriptor_string_cb
 .text.Reset_Handler
                0x08001080       0x50 ./Core/Startup/startup_stm32f411ceux.o
                0x08001080                Reset_Handler
 .text.Default_Handler
                0x080010d0        0x2 ./Core/Startup/startup_stm32f411ceux.o
                0x080010d0                RTC_Alarm_IRQHandler
                0x080010d0                EXTI2_IRQHandler
                0x080010d0                SPI4_IRQHandler
                0x080010d0                TIM1_CC_IRQHandler
                0x080010d0                DMA2_Stream5_IRQHandler
                0x080010d0                DMA1_Stream5_IRQHandler
                0x080010d0                PVD_IRQHandler
                0x080010d0                SDIO_IRQHandler
                0x080010d0                TAMP_STAMP_IRQHandler
                0x080010d0                EXTI3_IRQHandler
                0x080010d0                TIM1_UP_TIM10_IRQHandler
                0x080010d0                I2C3_ER_IRQHandler
                0x080010d0                EXTI0_IRQHandler
                0x080010d0                I2C2_EV_IRQHandler
                0x080010d0                DMA1_Stream2_IRQHandler
                0x080010d0                FPU_IRQHandler
                0x080010d0                DMA2_Stream2_IRQHandler
                0x080010d0                SPI1_IRQHandler
                0x080010d0                TIM1_BRK_TIM9_IRQHandler
                0x080010d0                DMA2_Stream3_IRQHandler
                0x080010d0                USART6_IRQHandler
                0x080010d0                DMA2_Stream0_IRQHandler
                0x080010d0                TIM4_IRQHandler
                0x080010d0                I2C1_EV_IRQHandler
                0x080010d0                DMA1_Stream6_IRQHandler
                0x080010d0                DMA1_Stream1_IRQHandler
                0x080010d0                TIM3_IRQHandler
                0x080010d0                RCC_IRQHandler
                0x080010d0                Default_Handler
                0x080010d0                EXTI15_10_IRQHandler
                0x080010d0                ADC_IRQHandler
                0x080010d0                DMA1_Stream7_IRQHandler
                0x080010d0                SPI5_IRQHandler
                0x080010d0                TIM5_IRQHandler
                0x080010d0                DMA2_Stream7_IRQHandler
                0x080010d0                I2C3_EV_IRQHandler
                0x080010d0                EXTI9_5_IRQHandler
                0x080010d0                RTC_WKUP_IRQHandler
                0x080010d0                SPI2_IRQHandler
                0x080010d0                DMA1_Stream0_IRQHandler
                0x080010d0                EXTI4_IRQHandler
                0x080010d0                WWDG_IRQHandler
                0x080010d0                TIM2_IRQHandler
                0x080010d0                OTG_FS_WKUP_IRQHandler
                0x080010d0                TIM1_TRG_COM_TIM11_IRQHandler
                0x080010d0                EXTI1_IRQHandler
                0x080010d0                USART2_IRQHandler
                0x080010d0                I2C2_ER_IRQHandler
                0x080010d0                DMA2_Stream1_IRQHandler
                0x080010d0                FLASH_IRQHandler
                0x080010d0                DMA2_Stream4_IRQHandler
                0x080010d0                USART1_IRQHandler
                0x080010d0                SPI3_IRQHandler
                0x080010d0                DMA1_Stream4_IRQHandler
                0x080010d0                I2C1_ER_IRQHandler
                0x080010d0                DMA2_Stream6_IRQHandler
                0x080010d0                DMA1_Stream3_IRQHandler
 *fill*         0x080010d2        0x2 
 .text.HAL_Init
                0x080010d4       0x44 ./Drivers/STM32F4xx_HAL_Driver/Src/stm32f4xx_hal.o
                0x080010d4                HAL_Init
 .text.HAL_InitTick
                0x08001118       0x60 ./Drivers/STM32F4xx_HAL_Driver/Src/stm32f4xx_hal.o
                0x08001118                HAL_InitTick
 .text.HAL_IncTick
                0x08001178       0x28 ./Drivers/STM32F4xx_HAL_Driver/Src/stm32f4xx_hal.o
                0x08001178                HAL_IncTick
 .text.HAL_GetTick
                0x080011a0       0x18 ./Drivers/STM32F4xx_HAL_Driver/Src/stm32f4xx_hal.o
                0x080011a0                HAL_GetTick
 .text.HAL_Delay
                0x080011b8       0x48 ./Drivers/STM32F4xx_HAL_Driver/Src/stm32f4xx_hal.o
                0x080011b8                HAL_Delay
 .text.__NVIC_SetPriorityGrouping
                0x08001200       0x48 ./Drivers/STM32F4xx_HAL_Driver/Src/stm32f4xx_hal_cortex.o
 .text.__NVIC_GetPriorityGrouping
                0x08001248       0x1c ./Drivers/STM32F4xx_HAL_Driver/Src/stm32f4xx_hal_cortex.o
 .text.__NVIC_EnableIRQ
                0x08001264       0x3c ./Drivers/STM32F4xx_HAL_Driver/Src/stm32f4xx_hal_cortex.o
 .text.__NVIC_SetPriority
                0x080012a0       0x54 ./Drivers/STM32F4xx_HAL_Driver/Src/stm32f4xx_hal_cortex.o
 .text.NVIC_EncodePriority
                0x080012f4       0x66 ./Drivers/STM32F4xx_HAL_Driver/Src/stm32f4xx_hal_cortex.o
 *fill*         0x0800135a        0x2 
 .text.SysTick_Config
                0x0800135c       0x44 ./Drivers/STM32F4xx_HAL_Driver/Src/stm32f4xx_hal_cortex.o
 .text.HAL_NVIC_SetPriorityGrouping
                0x080013a0       0x16 ./Drivers/STM32F4xx_HAL_Driver/Src/stm32f4xx_hal_cortex.o
                0x080013a0                HAL_NVIC_SetPriorityGrouping
 .text.HAL_NVIC_SetPriority
                0x080013b6       0x38 ./Drivers/STM32F4xx_HAL_Driver/Src/stm32f4xx_hal_cortex.o
                0x080013b6                HAL_NVIC_SetPriority
 .text.HAL_NVIC_EnableIRQ
                0x080013ee       0x1c ./Drivers/STM32F4xx_HAL_Driver/Src/stm32f4xx_hal_cortex.o
                0x080013ee                HAL_NVIC_EnableIRQ
 .text.HAL_SYSTICK_Config
                0x0800140a       0x18 ./Drivers/STM32F4xx_HAL_Driver/Src/stm32f4xx_hal_cortex.o
                0x0800140a                HAL_SYSTICK_Config
 *fill*         0x08001422        0x2 
 .text.HAL_GPIO_Init
                0x08001424      0x308 ./Drivers/STM32F4xx_HAL_Driver/Src/stm32f4xx_hal_gpio.o
                0x08001424                HAL_GPIO_Init
 .text.HAL_PCD_Init
                0x0800172c      0x21e ./Drivers/STM32F4xx_HAL_Driver/Src/stm32f4xx_hal_pcd.o
                0x0800172c                HAL_PCD_Init
 *fill*         0x0800194a        0x2 
 .text.HAL_RCC_OscConfig
                0x0800194c      0x4f0 ./Drivers/STM32F4xx_HAL_Driver/Src/stm32f4xx_hal_rcc.o
                0x0800194c                HAL_RCC_OscConfig
 .text.HAL_RCC_ClockConfig
                0x08001e3c      0x1cc ./Drivers/STM32F4xx_HAL_Driver/Src/stm32f4xx_hal_rcc.o
                0x08001e3c                HAL_RCC_ClockConfig
 .text.HAL_RCC_GetSysClockFreq
                0x08002008      0x188 ./Drivers/STM32F4xx_HAL_Driver/Src/stm32f4xx_hal_rcc.o
                0x08002008                HAL_RCC_GetSysClockFreq
 .text.USB_CoreInit
                0x08002190       0xc8 ./Drivers/STM32F4xx_HAL_Driver/Src/stm32f4xx_ll_usb.o
                0x08002190                USB_CoreInit
 .text.USB_DisableGlobalInt
                0x08002258       0x22 ./Drivers/STM32F4xx_HAL_Driver/Src/stm32f4xx_ll_usb.o
                0x08002258                USB_DisableGlobalInt
 .text.USB_SetCurrentMode
                0x0800227a       0x98 ./Drivers/STM32F4xx_HAL_Driver/Src/stm32f4xx_ll_usb.o
                0x0800227a                USB_SetCurrentMode
 *fill*         0x08002312        0x2 
 .text.USB_DevInit
                0x08002314      0x2c8 ./Drivers/STM32F4xx_HAL_Driver/Src/stm32f4xx_ll_usb.o
                0x08002314                USB_DevInit
 .text.USB_FlushTxFifo
                0x080025dc       0x64 ./Drivers/STM32F4xx_HAL_Driver/Src/stm32f4xx_ll_usb.o
                0x080025dc                USB_FlushTxFifo
 .text.USB_FlushRxFifo
                0x08002640       0x5c ./Drivers/STM32F4xx_HAL_Driver/Src/stm32f4xx_ll_usb.o
                0x08002640                USB_FlushRxFifo
 .text.USB_SetDevSpeed
                0x0800269c       0x32 ./Drivers/STM32F4xx_HAL_Driver/Src/stm32f4xx_ll_usb.o
                0x0800269c                USB_SetDevSpeed
 .text.USB_DevDisconnect
                0x080026ce       0x42 ./Drivers/STM32F4xx_HAL_Driver/Src/stm32f4xx_ll_usb.o
                0x080026ce                USB_DevDisconnect
 .text.USB_GetMode
                0x08002710       0x1c ./Drivers/STM32F4xx_HAL_Driver/Src/stm32f4xx_ll_usb.o
                0x08002710                USB_GetMode
 .text.USB_CoreReset
                0x0800272c       0x70 ./Drivers/STM32F4xx_HAL_Driver/Src/stm32f4xx_ll_usb.o
 .text.tud_audio_set_req_ep_cb
                0x0800279c       0x1c ./tinyusb-0.20.0/src/class/audio/audio_device.o
                0x0800279c                tud_audio_set_req_ep_cb
 .text.tud_audio_set_req_itf_cb
                0x080027b8       0x1c ./tinyusb-0.20.0/src/class/audio/audio_device.o
                0x080027b8                tud_audio_set_req_itf_cb
 .text.tud_audio_get_req_ep_cb
                0x080027d4       0x1a ./tinyusb-0.20.0/src/class/audio/audio_device.o
                0x080027d4                tud_audio_get_req_ep_cb
 .text.tud_audio_get_req_itf_cb
                0x080027ee       0x1a ./tinyusb-0.20.0/src/class/audio/audio_device.o
                0x080027ee                tud_audio_get_req_itf_cb
 .text.tud_audio_n_read
                0x08002808       0x58 ./tinyusb-0.20.0/src/class/audio/audio_device.o
                0x08002808                tud_audio_n_read
 .text.audiod_rx_xfer_isr
                0x08002860       0x88 ./tinyusb-0.20.0/src/class/audio/audio_device.o
 .text.tud_audio_n_write
                0x080028e8       0x5c ./tinyusb-0.20.0/src/class/audio/audio_device.o
                0x080028e8                tud_audio_n_write
 .text.audiod_tx_xfer_isr
                0x08002944       0xba ./tinyusb-0.20.0/src/class/audio/audio_device.o
 *fill*         0x080029fe        0x2 
 .text.tud_audio_n_version
                0x08002a00       0x68 ./tinyusb-0.20.0/src/class/audio/audio_device.o
                0x08002a00                tud_audio_n_version
 .text.audiod_init
                0x08002a68       0xa8 ./tinyusb-0.20.0/src/class/audio/audio_device.o
                0x08002a68                audiod_init
 .text.audiod_deinit
                0x08002b10       0x10 ./tinyusb-0.20.0/src/class/audio/audio_device.o
                0x08002b10                audiod_deinit
 .text.audiod_reset
                0x08002b20       0x58 ./tinyusb-0.20.0/src/class/audio/audio_device.o
                0x08002b20                audiod_reset
 .text.audiod_open
                0x08002b78      0x590 ./tinyusb-0.20.0/src/class/audio/audio_device.o
                0x08002b78                audiod_open
 .text.audiod_get_interface
                0x08003108       0xc8 ./tinyusb-0.20.0/src/class/audio/audio_device.o
 .text.audiod_set_interface
                0x080031d0      0x3c0 ./tinyusb-0.20.0/src/class/audio/audio_device.o
 .text.audiod_control_complete
                0x08003590      0x208 ./tinyusb-0.20.0/src/class/audio/audio_device.o
 .text.audiod_control_request
                0x08003798      0x1b8 ./tinyusb-0.20.0/src/class/audio/audio_device.o
 .text.audiod_control_xfer_cb
                0x08003950       0x42 ./tinyusb-0.20.0/src/class/audio/audio_device.o
                0x08003950                audiod_control_xfer_cb
 .text.audiod_xfer_cb
                0x08003992       0x22 ./tinyusb-0.20.0/src/class/audio/audio_device.o
                0x08003992                audiod_xfer_cb
 .text.audiod_xfer_isr
                0x080039b4       0x7c ./tinyusb-0.20.0/src/class/audio/audio_device.o
                0x080039b4                audiod_xfer_isr
 .text.audiod_sof_isr
                0x08003a30       0x18 ./tinyusb-0.20.0/src/class/audio/audio_device.o
                0x08003a30                audiod_sof_isr
 .text.tud_audio_buffer_and_schedule_control_xfer
                0x08003a48      0x208 ./tinyusb-0.20.0/src/class/audio/audio_device.o
                0x08003a48                tud_audio_buffer_and_schedule_control_xfer
 .text.audiod_verify_entity_exists
                0x08003c50       0xf4 ./tinyusb-0.20.0/src/class/audio/audio_device.o
 .text.audiod_verify_itf_exists
                0x08003d44       0xc4 ./tinyusb-0.20.0/src/class/audio/audio_device.o
 .text.audiod_verify_ep_exists
                0x08003e08       0xc4 ./tinyusb-0.20.0/src/class/audio/audio_device.o
 .text.audiod_parse_flow_control_params
                0x08003ecc      0x118 ./tinyusb-0.20.0/src/class/audio/audio_device.o
 .text.audiod_calc_tx_packet_sz
                0x08003fe4      0x170 ./tinyusb-0.20.0/src/class/audio/audio_device.o
 .text.audiod_tx_packet_size
                0x08004154      0x108 ./tinyusb-0.20.0/src/class/audio/audio_device.o
 .text.audiod_get_audio_fct_idx
                0x0800425c       0x2c ./tinyusb-0.20.0/src/class/audio/audio_device.o
 .text.tud_cdc_rx_wanted_cb
                0x08004288       0x1c ./tinyusb-0.20.0/src/class/cdc/cdc_device.o
                0x08004288                tud_cdc_rx_wanted_cb
 .text.tud_cdc_tx_complete_cb
                0x080042a4       0x16 ./tinyusb-0.20.0/src/class/cdc/cdc_device.o
                0x080042a4                tud_cdc_tx_complete_cb
 .text.tud_cdc_notify_complete_cb
                0x080042ba       0x16 ./tinyusb-0.20.0/src/class/cdc/cdc_device.o
                0x080042ba                tud_cdc_notify_complete_cb
 .text.tud_cdc_line_coding_cb
                0x080042d0       0x18 ./tinyusb-0.20.0/src/class/cdc/cdc_device.o
                0x080042d0                tud_cdc_line_coding_cb
 .text.tud_cdc_send_break_cb
                0x080042e8       0x1c ./tinyusb-0.20.0/src/class/cdc/cdc_device.o
                0x080042e8                tud_cdc_send_break_cb
 .text.tud_cdc_n_connected
                0x08004304       0x84 ./tinyusb-0.20.0/src/class/cdc/cdc_device.o
                0x08004304                tud_cdc_n_connected
 .text.tud_cdc_n_available
                0x08004388       0x40 ./tinyusb-0.20.0/src/class/cdc/cdc_device.o
                0x08004388                tud_cdc_n_available
 .text.tud_cdc_n_read
                0x080043c8       0x48 ./tinyusb-0.20.0/src/class/cdc/cdc_device.o
                0x080043c8                tud_cdc_n_read
 .text.tud_cdc_n_write
                0x08004410       0x48 ./tinyusb-0.20.0/src/class/cdc/cdc_device.o
                0x08004410                tud_cdc_n_write
 .text.tud_cdc_n_write_flush
                0x08004458       0x40 ./tinyusb-0.20.0/src/class/cdc/cdc_device.o
                0x08004458                tud_cdc_n_write_flush
 .text.cdcd_init
                0x08004498       0xc0 ./tinyusb-0.20.0/src/class/cdc/cdc_device.o
                0x08004498                cdcd_init
 .text.cdcd_deinit
                0x08004558       0x48 ./tinyusb-0.20.0/src/class/cdc/cdc_device.o
                0x08004558                cdcd_deinit
 .text.cdcd_reset
                0x080045a0       0x7c ./tinyusb-0.20.0/src/class/cdc/cdc_device.o
                0x080045a0                cdcd_reset
 .text.cdcd_open
                0x0800461c      0x444 ./tinyusb-0.20.0/src/class/cdc/cdc_device.o
                0x0800461c                cdcd_open
 .text.cdcd_control_xfer_cb
                0x08004a60      0x1d4 ./tinyusb-0.20.0/src/class/cdc/cdc_device.o
                0x08004a60                cdcd_control_xfer_cb
 .text.cdcd_xfer_cb
                0x08004c34      0x1ec ./tinyusb-0.20.0/src/class/cdc/cdc_device.o
                0x08004c34                cdcd_xfer_cb
 .text.tu_fifo_config
                0x08004e20       0x66 ./tinyusb-0.20.0/src/common/tusb_fifo.o
                0x08004e20                tu_fifo_config
 .text._ff_push_const_addr
                0x08004e86       0x68 ./tinyusb-0.20.0/src/common/tusb_fifo.o
 .text._ff_pull_const_addr
                0x08004eee       0x66 ./tinyusb-0.20.0/src/common/tusb_fifo.o
 .text._ff_push
                0x08004f54       0x3e ./tinyusb-0.20.0/src/common/tusb_fifo.o
 .text._ff_push_n
                0x08004f92      0x1bc ./tinyusb-0.20.0/src/common/tusb_fifo.o
 .text._ff_pull
                0x0800514e       0x3e ./tinyusb-0.20.0/src/common/tusb_fifo.o
 .text._ff_pull_n
                0x0800518c      0x1c0 ./tinyusb-0.20.0/src/common/tusb_fifo.o
 .text.advance_index
                0x0800534c       0x4c ./tinyusb-0.20.0/src/common/tusb_fifo.o
 .text._tu_fifo_peek
                0x08005398       0xc6 ./tinyusb-0.20.0/src/common/tusb_fifo.o
 .text._tu_fifo_peek_n
                0x0800545e       0xe0 ./tinyusb-0.20.0/src/common/tusb_fifo.o
 .text._tu_fifo_write_n
                0x0800553e      0x1a2 ./tinyusb-0.20.0/src/common/tusb_fifo.o
 .text._tu_fifo_read_n
                0x080056e0       0x5e ./tinyusb-0.20.0/src/common/tusb_fifo.o
 .text.tu_fifo_count
                0x0800573e       0x64 ./tinyusb-0.20.0/src/common/tusb_fifo.o
                0x0800573e                tu_fifo_count
 .text.tu_fifo_full
                0x080057a2       0x5c ./tinyusb-0.20.0/src/common/tusb_fifo.o
                0x080057a2                tu_fifo_full
 .text.tu_fifo_remaining
                0x080057fe       0x70 ./tinyusb-0.20.0/src/common/tusb_fifo.o
                0x080057fe                tu_fifo_remaining
 .text.tu_fifo_read
                0x0800586e       0x48 ./tinyusb-0.20.0/src/common/tusb_fifo.o
                0x0800586e                tu_fifo_read
 .text.tu_fifo_read_n
                0x080058b6       0x24 ./tinyusb-0.20.0/src/common/tusb_fifo.o
                0x080058b6                tu_fifo_read_n
 .text.tu_fifo_read_n_const_addr_full_words
                0x080058da       0x24 ./tinyusb-0.20.0/src/common/tusb_fifo.o
                0x080058da                tu_fifo_read_n_const_addr_full_words
 .text.tu_fifo_write
                0x080058fe       0x86 ./tinyusb-0.20.0/src/common/tusb_fifo.o
                0x080058fe                tu_fifo_write
 .text.tu_fifo_write_n
                0x08005984       0x24 ./tinyusb-0.20.0/src/common/tusb_fifo.o
                0x08005984                tu_fifo_write_n
 .text.tu_fifo_write_n_const_addr_full_words
                0x080059a8       0x24 ./tinyusb-0.20.0/src/common/tusb_fifo.o
                0x080059a8                tu_fifo_write_n_const_addr_full_words
 .text.tu_fifo_clear
                0x080059cc       0x22 ./tinyusb-0.20.0/src/common/tusb_fifo.o
                0x080059cc                tu_fifo_clear
 .text.tu_fifo_set_overwritable
                0x080059ee       0x3a ./tinyusb-0.20.0/src/common/tusb_fifo.o
                0x080059ee                tu_fifo_set_overwritable
 .text.tud_event_hook_cb
                0x08005a28       0x1c ./tinyusb-0.20.0/src/device/usbd.o
                0x08005a28                tud_event_hook_cb
 .text.tud_sof_cb
                0x08005a44       0x14 ./tinyusb-0.20.0/src/device/usbd.o
                0x08005a44                tud_sof_cb
 .text.tud_descriptor_bos_cb
                0x08005a58       0x10 ./tinyusb-0.20.0/src/device/usbd.o
                0x08005a58                tud_descriptor_bos_cb
 .text.tud_descriptor_device_qualifier_cb
                0x08005a68       0x10 ./tinyusb-0.20.0/src/device/usbd.o
                0x08005a68                tud_descriptor_device_qualifier_cb
 .text.tud_descriptor_other_speed_configuration_cb
                0x08005a78       0x18 ./tinyusb-0.20.0/src/device/usbd.o
                0x08005a78                tud_descriptor_other_speed_configuration_cb
 .text.tud_mount_cb
                0x08005a90        0xe ./tinyusb-0.20.0/src/device/usbd.o
                0x08005a90                tud_mount_cb
 .text.tud_umount_cb
                0x08005a9e        0xe ./tinyusb-0.20.0/src/device/usbd.o
                0x08005a9e                tud_umount_cb
 .text.tud_suspend_cb
                0x08005aac       0x16 ./tinyusb-0.20.0/src/device/usbd.o
                0x08005aac                tud_suspend_cb
 .text.tud_resume_cb
                0x08005ac2        0xe ./tinyusb-0.20.0/src/device/usbd.o
                0x08005ac2                tud_resume_cb
 .text.tud_vendor_control_xfer_cb
                0x08005ad0       0x1e ./tinyusb-0.20.0/src/device/usbd.o
                0x08005ad0                tud_vendor_control_xfer_cb
 .text.dcd_dcache_clean
                0x08005aee       0x18 ./tinyusb-0.20.0/src/device/usbd.o
                0x08005aee                dcd_dcache_clean
 .text.usbd_app_driver_get_cb
                0x08005b06       0x1c ./tinyusb-0.20.0/src/device/usbd.o
                0x08005b06                usbd_app_driver_get_cb
 *fill*         0x08005b22        0x2 
 .text.tud_speed_get
                0x08005b24       0x18 ./tinyusb-0.20.0/src/device/usbd.o
                0x08005b24                tud_speed_get
 .text.tud_mounted
                0x08005b3c       0x24 ./tinyusb-0.20.0/src/device/usbd.o
                0x08005b3c                tud_mounted
 .text.tud_suspended
                0x08005b60       0x28 ./tinyusb-0.20.0/src/device/usbd.o
                0x08005b60                tud_suspended
 .text.tud_inited
                0x08005b88       0x20 ./tinyusb-0.20.0/src/device/usbd.o
                0x08005b88                tud_inited
 .text.tud_rhport_init
                0x08005ba8      0x1ac ./tinyusb-0.20.0/src/device/usbd.o
                0x08005ba8                tud_rhport_init
 .text.configuration_reset
                0x08005d54       0xd8 ./tinyusb-0.20.0/src/device/usbd.o
 .text.usbd_reset
                0x08005e2c       0x1e ./tinyusb-0.20.0/src/device/usbd.o
 *fill*         0x08005e4a        0x2 
 .text.tud_task_ext
                0x08005e4c      0x340 ./tinyusb-0.20.0/src/device/usbd.o
                0x08005e4c                tud_task_ext
 .text.invoke_class_control
                0x0800618c       0x2e ./tinyusb-0.20.0/src/device/usbd.o
 *fill*         0x080061ba        0x2 
 .text.process_control_request
                0x080061bc      0x5e8 ./tinyusb-0.20.0/src/device/usbd.o
 .text.process_set_config
                0x080067a4      0x32c ./tinyusb-0.20.0/src/device/usbd.o
 .text.process_get_descriptor
                0x08006ad0      0x1b4 ./tinyusb-0.20.0/src/device/usbd.o
 .text.dcd_event_handler
                0x08006c84      0x564 ./tinyusb-0.20.0/src/device/usbd.o
                0x08006c84                dcd_event_handler
 .text.usbd_int_set
                0x080071e8       0x34 ./tinyusb-0.20.0/src/device/usbd.o
                0x080071e8                usbd_int_set
 .text.usbd_spin_lock
                0x0800721c       0x48 ./tinyusb-0.20.0/src/device/usbd.o
                0x0800721c                usbd_spin_lock
 .text.usbd_spin_unlock
                0x08007264       0x50 ./tinyusb-0.20.0/src/device/usbd.o
                0x08007264                usbd_spin_unlock
 .text.usbd_edpt_open
                0x080072b4       0x8c ./tinyusb-0.20.0/src/device/usbd.o
                0x080072b4                usbd_edpt_open
 .text.usbd_edpt_claim
                0x08007340       0x50 ./tinyusb-0.20.0/src/device/usbd.o
                0x08007340                usbd_edpt_claim
 .text.usbd_edpt_release
                0x08007390       0x50 ./tinyusb-0.20.0/src/device/usbd.o
                0x08007390                usbd_edpt_release
 .text.usbd_edpt_xfer
                0x080073e0       0xec ./tinyusb-0.20.0/src/device/usbd.o
                0x080073e0                usbd_edpt_xfer
 .text.usbd_edpt_stall
                0x080074cc       0x7c ./tinyusb-0.20.0/src/device/usbd.o
                0x080074cc                usbd_edpt_stall
 .text.usbd_edpt_clear_stall
                0x08007548       0x7c ./tinyusb-0.20.0/src/device/usbd.o
                0x08007548                usbd_edpt_clear_stall
 .text.usbd_edpt_stalled
                0x080075c4       0x5c ./tinyusb-0.20.0/src/device/usbd.o
                0x080075c4                usbd_edpt_stalled
 .text.usbd_edpt_iso_alloc
                0x08007620       0x5c ./tinyusb-0.20.0/src/device/usbd.o
                0x08007620                usbd_edpt_iso_alloc
 .text.usbd_edpt_iso_activate
                0x0800767c       0xe4 ./tinyusb-0.20.0/src/device/usbd.o
                0x0800767c                usbd_edpt_iso_activate
 .text.dcd_edpt0_status_complete
                0x08007760       0x18 ./tinyusb-0.20.0/src/device/usbd_control.o
                0x08007760                dcd_edpt0_status_complete
 .text.status_stage_xact
                0x08007778       0x38 ./tinyusb-0.20.0/src/device/usbd_control.o
 .text.tud_control_status
                0x080077b0       0x40 ./tinyusb-0.20.0/src/device/usbd_control.o
                0x080077b0                tud_control_status
 .text.data_stage_xact
                0x080077f0       0xc4 ./tinyusb-0.20.0/src/device/usbd_control.o
 .text.tud_control_xfer
                0x080078b4       0xe0 ./tinyusb-0.20.0/src/device/usbd_control.o
                0x080078b4                tud_control_xfer
 .text.usbd_control_reset
                0x08007994       0x18 ./tinyusb-0.20.0/src/device/usbd_control.o
                0x08007994                usbd_control_reset
 .text.usbd_control_set_complete_callback
                0x080079ac       0x20 ./tinyusb-0.20.0/src/device/usbd_control.o
                0x080079ac                usbd_control_set_complete_callback
 .text.usbd_control_set_request
                0x080079cc       0x34 ./tinyusb-0.20.0/src/device/usbd_control.o
                0x080079cc                usbd_control_set_request
 .text.usbd_control_xfer_cb
                0x08007a00      0x168 ./tinyusb-0.20.0/src/device/usbd_control.o
                0x08007a00                usbd_control_xfer_cb
 .text.__NVIC_EnableIRQ
                0x08007b68       0x3c ./tinyusb-0.20.0/src/portable/synopsys/dwc2/dcd_dwc2.o
 .text.__NVIC_DisableIRQ
                0x08007ba4       0x48 ./tinyusb-0.20.0/src/portable/synopsys/dwc2/dcd_dwc2.o
 .text.dma_setup_prepare
                0x08007bec       0x80 ./tinyusb-0.20.0/src/portable/synopsys/dwc2/dcd_dwc2.o
 .text.dfifo_alloc
                0x08007c6c      0x1c0 ./tinyusb-0.20.0/src/portable/synopsys/dwc2/dcd_dwc2.o
 .text.dfifo_device_init
                0x08007e2c       0xb4 ./tinyusb-0.20.0/src/portable/synopsys/dwc2/dcd_dwc2.o
 .text.edpt_activate
                0x08007ee0      0x164 ./tinyusb-0.20.0/src/portable/synopsys/dwc2/dcd_dwc2.o
 .text.edpt_disable
                0x08008044      0x1a0 ./tinyusb-0.20.0/src/portable/synopsys/dwc2/dcd_dwc2.o
 .text.epin_write_tx_fifo
                0x080081e4      0x10c ./tinyusb-0.20.0/src/portable/synopsys/dwc2/dcd_dwc2.o
 .text.edpt_schedule_packets
                0x080082f0      0x214 ./tinyusb-0.20.0/src/portable/synopsys/dwc2/dcd_dwc2.o
 .text.dcd_init
                0x08008504      0x13c ./tinyusb-0.20.0/src/portable/synopsys/dwc2/dcd_dwc2.o
                0x08008504                dcd_init
 .text.dcd_int_enable
                0x08008640       0x50 ./tinyusb-0.20.0/src/portable/synopsys/dwc2/dcd_dwc2.o
                0x08008640                dcd_int_enable
 .text.dcd_int_disable
                0x08008690       0x50 ./tinyusb-0.20.0/src/portable/synopsys/dwc2/dcd_dwc2.o
                0x08008690                dcd_int_disable
 .text.dcd_set_address
                0x080086e0       0x70 ./tinyusb-0.20.0/src/portable/synopsys/dwc2/dcd_dwc2.o
                0x080086e0                dcd_set_address
 .text.dcd_connect
                0x08008750       0x44 ./tinyusb-0.20.0/src/portable/synopsys/dwc2/dcd_dwc2.o
                0x08008750                dcd_connect
 .text.dcd_disconnect
                0x08008794       0x44 ./tinyusb-0.20.0/src/portable/synopsys/dwc2/dcd_dwc2.o
                0x08008794                dcd_disconnect
 .text.dcd_sof_enable
                0x080087d8       0x6c ./tinyusb-0.20.0/src/portable/synopsys/dwc2/dcd_dwc2.o
                0x080087d8                dcd_sof_enable
 .text.dcd_edpt_open
                0x08008844       0x64 ./tinyusb-0.20.0/src/portable/synopsys/dwc2/dcd_dwc2.o
                0x08008844                dcd_edpt_open
 .text.dcd_edpt_close_all
                0x080088a8      0x130 ./tinyusb-0.20.0/src/portable/synopsys/dwc2/dcd_dwc2.o
                0x080088a8                dcd_edpt_close_all
 .text.dcd_edpt_iso_alloc
                0x080089d8       0x50 ./tinyusb-0.20.0/src/portable/synopsys/dwc2/dcd_dwc2.o
                0x080089d8                dcd_edpt_iso_alloc
 .text.dcd_edpt_iso_activate
                0x08008a28       0x2e ./tinyusb-0.20.0/src/portable/synopsys/dwc2/dcd_dwc2.o
                0x08008a28                dcd_edpt_iso_activate
 *fill*         0x08008a56        0x2 
 .text.dcd_edpt_xfer
                0x08008a58       0xa8 ./tinyusb-0.20.0/src/portable/synopsys/dwc2/dcd_dwc2.o
                0x08008a58                dcd_edpt_xfer
 .text.dcd_edpt_stall
                0x08008b00       0x6c ./tinyusb-0.20.0/src/portable/synopsys/dwc2/dcd_dwc2.o
                0x08008b00                dcd_edpt_stall
 .text.dcd_edpt_clear_stall
                0x08008b6c       0x8c ./tinyusb-0.20.0/src/portable/synopsys/dwc2/dcd_dwc2.o
                0x08008b6c                dcd_edpt_clear_stall
 .text.handle_bus_reset
                0x08008bf8      0x204 ./tinyusb-0.20.0/src/portable/synopsys/dwc2/dcd_dwc2.o
 .text.handle_enum_done
                0x08008dfc       0x8c ./tinyusb-0.20.0/src/portable/synopsys/dwc2/dcd_dwc2.o
 .text.handle_rxflvl_irq
                0x08008e88      0x140 ./tinyusb-0.20.0/src/portable/synopsys/dwc2/dcd_dwc2.o
 .text.handle_epout_slave
                0x08008fc8      0x144 ./tinyusb-0.20.0/src/portable/synopsys/dwc2/dcd_dwc2.o
 .text.handle_epin_slave
                0x0800910c      0x138 ./tinyusb-0.20.0/src/portable/synopsys/dwc2/dcd_dwc2.o
 .text.handle_ep_irq
                0x08009244      0x120 ./tinyusb-0.20.0/src/portable/synopsys/dwc2/dcd_dwc2.o
 .text.handle_incomplete_iso_in
                0x08009364      0x1bc ./tinyusb-0.20.0/src/portable/synopsys/dwc2/dcd_dwc2.o
 .text.dcd_int_handler
                0x08009520      0x27c ./tinyusb-0.20.0/src/portable/synopsys/dwc2/dcd_dwc2.o
                0x08009520                dcd_int_handler
 .text.dwc2_phy_init
                0x0800979c       0x38 ./tinyusb-0.20.0/src/portable/synopsys/dwc2/dwc2_common.o
 .text.dwc2_phy_update
                0x080097d4       0xec ./tinyusb-0.20.0/src/portable/synopsys/dwc2/dwc2_common.o
 .text.reset_core
                0x080098c0       0x7a ./tinyusb-0.20.0/src/portable/synopsys/dwc2/dwc2_common.o
 .text.phy_fs_init
                0x0800993a       0x50 ./tinyusb-0.20.0/src/portable/synopsys/dwc2/dwc2_common.o
 .text.phy_hs_init
                0x0800998a       0xe6 ./tinyusb-0.20.0/src/portable/synopsys/dwc2/dwc2_common.o
 .text.check_dwc2
                0x08009a70       0x60 ./tinyusb-0.20.0/src/portable/synopsys/dwc2/dwc2_common.o
 .text.dwc2_core_is_highspeed
                0x08009ad0       0x3a ./tinyusb-0.20.0/src/portable/synopsys/dwc2/dwc2_common.o
                0x08009ad0                dwc2_core_is_highspeed
 *fill*         0x08009b0a        0x2 
 .text.dwc2_core_init
                0x08009b0c      0x118 ./tinyusb-0.20.0/src/portable/synopsys/dwc2/dwc2_common.o
                0x08009b0c                dwc2_core_init
 .text.dfifo_read_packet
                0x08009c24       0xa2 ./tinyusb-0.20.0/src/portable/synopsys/dwc2/dwc2_common.o
                0x08009c24                dfifo_read_packet
 .text.dfifo_write_packet
                0x08009cc6       0x94 ./tinyusb-0.20.0/src/portable/synopsys/dwc2/dwc2_common.o
                0x08009cc6                dfifo_write_packet
 *fill*         0x08009d5a        0x2 
 .text.tusb_rhport_init
                0x08009d5c       0xc8 ./tinyusb-0.20.0/src/tusb.o
                0x08009d5c                tusb_rhport_init
 .text.tu_edpt_claim
                0x08009e24       0x78 ./tinyusb-0.20.0/src/tusb.o
                0x08009e24                tu_edpt_claim
 .text.tu_edpt_release
                0x08009e9c       0x54 ./tinyusb-0.20.0/src/tusb.o
                0x08009e9c                tu_edpt_release
 .text.tu_edpt_validate
                0x08009ef0      0x134 ./tinyusb-0.20.0/src/tusb.o
                0x08009ef0                tu_edpt_validate
 .text.tu_edpt_bind_driver
                0x0800a024       0x8a ./tinyusb-0.20.0/src/tusb.o
                0x0800a024                tu_edpt_bind_driver
 .text.tu_edpt_stream_init
                0x0800a0ae       0x50 ./tinyusb-0.20.0/src/tusb.o
                0x0800a0ae                tu_edpt_stream_init
 .text.tu_edpt_stream_deinit
                0x0800a0fe       0x16 ./tinyusb-0.20.0/src/tusb.o
                0x0800a0fe                tu_edpt_stream_deinit
 .text.tu_edpt_stream_write_zlp_if_needed
                0x0800a114      0x108 ./tinyusb-0.20.0/src/tusb.o
                0x0800a114                tu_edpt_stream_write_zlp_if_needed
 .text.tu_edpt_stream_write_xfer
                0x0800a21c      0x10c ./tinyusb-0.20.0/src/tusb.o
                0x0800a21c                tu_edpt_stream_write_xfer
 .text.tu_edpt_stream_write
                0x0800a328      0x158 ./tinyusb-0.20.0/src/tusb.o
                0x0800a328                tu_edpt_stream_write
 .text.tu_edpt_stream_read_xfer
                0x0800a480      0x21c ./tinyusb-0.20.0/src/tusb.o
                0x0800a480                tu_edpt_stream_read_xfer
 .text.tu_edpt_stream_read
                0x0800a69c       0x38 ./tinyusb-0.20.0/src/tusb.o
                0x0800a69c                tu_edpt_stream_read
 .text.sprintf  0x0800a6d4       0x44 C:/ST/STM32CubeIDE_2.0.0/STM32CubeIDE/plugins/com.st.stm32cube.ide.mcu.externaltools.gnu-tools-for-stm32.14.3.rel1.win32_1.0.100.202602081740/tools/bin/../lib/gcc/arm-none-eabi/14.3.1/../../../../arm-none-eabi/lib/thumb/v7e-m+fp/hard\libc_nano.a(libc_a-sprintf.o)
                0x0800a6d4                siprintf
                0x0800a6d4                sprintf
 .text.memset   0x0800a718       0x10 C:/ST/STM32CubeIDE_2.0.0/STM32CubeIDE/plugins/com.st.stm32cube.ide.mcu.externaltools.gnu-tools-for-stm32.14.3.rel1.win32_1.0.100.202602081740/tools/bin/../lib/gcc/arm-none-eabi/14.3.1/../../../../arm-none-eabi/lib/thumb/v7e-m+fp/hard\libc_nano.a(libc_a-memset.o)
                0x0800a718                memset
 .text.__errno  0x0800a728        0xc C:/ST/STM32CubeIDE_2.0.0/STM32CubeIDE/plugins/com.st.stm32cube.ide.mcu.externaltools.gnu-tools-for-stm32.14.3.rel1.win32_1.0.100.202602081740/tools/bin/../lib/gcc/arm-none-eabi/14.3.1/../../../../arm-none-eabi/lib/thumb/v7e-m+fp/hard\libc_nano.a(libc_a-errno.o)
                0x0800a728                __errno
 .text.__libc_init_array
                0x0800a734       0x48 C:/ST/STM32CubeIDE_2.0.0/STM32CubeIDE/plugins/com.st.stm32cube.ide.mcu.externaltools.gnu-tools-for-stm32.14.3.rel1.win32_1.0.100.202602081740/tools/bin/../lib/gcc/arm-none-eabi/14.3.1/../../../../arm-none-eabi/lib/thumb/v7e-m+fp/hard\libc_nano.a(libc_a-init.o)
                0x0800a734                __libc_init_array
 .text.__retarget_lock_acquire_recursive
                0x0800a77c        0x2 C:/ST/STM32CubeIDE_2.0.0/STM32CubeIDE/plugins/com.st.stm32cube.ide.mcu.externaltools.gnu-tools-for-stm32.14.3.rel1.win32_1.0.100.202602081740/tools/bin/../lib/gcc/arm-none-eabi/14.3.1/../../../../arm-none-eabi/lib/thumb/v7e-m+fp/hard\libc_nano.a(libc_a-lock.o)
                0x0800a77c                __retarget_lock_acquire_recursive
 .text.__retarget_lock_release_recursive
                0x0800a77e        0x2 C:/ST/STM32CubeIDE_2.0.0/STM32CubeIDE/plugins/com.st.stm32cube.ide.mcu.externaltools.gnu-tools-for-stm32.14.3.rel1.win32_1.0.100.202602081740/tools/bin/../lib/gcc/arm-none-eabi/14.3.1/../../../../arm-none-eabi/lib/thumb/v7e-m+fp/hard\libc_nano.a(libc_a-lock.o)
                0x0800a77e                __retarget_lock_release_recursive
 .text.memcpy   0x0800a780       0x1c C:/ST/STM32CubeIDE_2.0.0/STM32CubeIDE/plugins/com.st.stm32cube.ide.mcu.externaltools.gnu-tools-for-stm32.14.3.rel1.win32_1.0.100.202602081740/tools/bin/../lib/gcc/arm-none-eabi/14.3.1/../../../../arm-none-eabi/lib/thumb/v7e-m+fp/hard\libc_nano.a(libc_a-memcpy-stub.o)
                0x0800a780                memcpy
 .text._free_r  0x0800a79c       0x94 C:/ST/STM32CubeIDE_2.0.0/STM32CubeIDE/plugins/com.st.stm32cube.ide.mcu.externaltools.gnu-tools-for-stm32.14.3.rel1.win32_1.0.100.202602081740/tools/bin/../lib/gcc/arm-none-eabi/14.3.1/../../../../arm-none-eabi/lib/thumb/v7e-m+fp/hard\libc_nano.a(libc_a-freer.o)
                0x0800a79c                _free_r
 .text.sbrk_aligned
                0x0800a830       0x44 C:/ST/STM32CubeIDE_2.0.0/STM32CubeIDE/plugins/com.st.stm32cube.ide.mcu.externaltools.gnu-tools-for-stm32.14.3.rel1.win32_1.0.100.202602081740/tools/bin/../lib/gcc/arm-none-eabi/14.3.1/../../../../arm-none-eabi/lib/thumb/v7e-m+fp/hard\libc_nano.a(libc_a-mallocr.o)
 .text._malloc_r
                0x0800a874      0x100 C:/ST/STM32CubeIDE_2.0.0/STM32CubeIDE/plugins/com.st.stm32cube.ide.mcu.externaltools.gnu-tools-for-stm32.14.3.rel1.win32_1.0.100.202602081740/tools/bin/../lib/gcc/arm-none-eabi/14.3.1/../../../../arm-none-eabi/lib/thumb/v7e-m+fp/hard\libc_nano.a(libc_a-mallocr.o)
                0x0800a874                _malloc_r
 .text.__malloc_lock
                0x0800a974        0xc C:/ST/STM32CubeIDE_2.0.0/STM32CubeIDE/plugins/com.st.stm32cube.ide.mcu.externaltools.gnu-tools-for-stm32.14.3.rel1.win32_1.0.100.202602081740/tools/bin/../lib/gcc/arm-none-eabi/14.3.1/../../../../arm-none-eabi/lib/thumb/v7e-m+fp/hard\libc_nano.a(libc_a-mlock.o)
                0x0800a974                __malloc_lock
 .text.__malloc_unlock
                0x0800a980        0xc C:/ST/STM32CubeIDE_2.0.0/STM32CubeIDE/plugins/com.st.stm32cube.ide.mcu.externaltools.gnu-tools-for-stm32.14.3.rel1.win32_1.0.100.202602081740/tools/bin/../lib/gcc/arm-none-eabi/14.3.1/../../../../arm-none-eabi/lib/thumb/v7e-m+fp/hard\libc_nano.a(libc_a-mlock.o)
                0x0800a980                __malloc_unlock
 .text.__ssputs_r
                0x0800a98c       0xc0 C:/ST/STM32CubeIDE_2.0.0/STM32CubeIDE/plugins/com.st.stm32cube.ide.mcu.externaltools.gnu-tools-for-stm32.14.3.rel1.win32_1.0.100.202602081740/tools/bin/../lib/gcc/arm-none-eabi/14.3.1/../../../../arm-none-eabi/lib/thumb/v7e-m+fp/hard\libc_nano.a(libc_a-nano-svfprintf.o)
                0x0800a98c                __ssputs_r
 .text._svfprintf_r
                0x0800aa4c      0x1f0 C:/ST/STM32CubeIDE_2.0.0/STM32CubeIDE/plugins/com.st.stm32cube.ide.mcu.externaltools.gnu-tools-for-stm32.14.3.rel1.win32_1.0.100.202602081740/tools/bin/../lib/gcc/arm-none-eabi/14.3.1/../../../../arm-none-eabi/lib/thumb/v7e-m+fp/hard\libc_nano.a(libc_a-nano-svfprintf.o)
                0x0800aa4c                _svfiprintf_r
                0x0800aa4c                _svfprintf_r
 .text._printf_common
                0x0800ac3c       0xda C:/ST/STM32CubeIDE_2.0.0/STM32CubeIDE/plugins/com.st.stm32cube.ide.mcu.externaltools.gnu-tools-for-stm32.14.3.rel1.win32_1.0.100.202602081740/tools/bin/../lib/gcc/arm-none-eabi/14.3.1/../../../../arm-none-eabi/lib/thumb/v7e-m+fp/hard\libc_nano.a(libc_a-nano-vfprintf_i.o)
                0x0800ac3c                _printf_common
 *fill*         0x0800ad16        0x2 
 .text._printf_i
                0x0800ad18      0x24c C:/ST/STM32CubeIDE_2.0.0/STM32CubeIDE/plugins/com.st.stm32cube.ide.mcu.externaltools.gnu-tools-for-stm32.14.3.rel1.win32_1.0.100.202602081740/tools/bin/../lib/gcc/arm-none-eabi/14.3.1/../../../../arm-none-eabi/lib/thumb/v7e-m+fp/hard\libc_nano.a(libc_a-nano-vfprintf_i.o)
                0x0800ad18                _printf_i
 .text.memmove  0x0800af64       0x32 C:/ST/STM32CubeIDE_2.0.0/STM32CubeIDE/plugins/com.st.stm32cube.ide.mcu.externaltools.gnu-tools-for-stm32.14.3.rel1.win32_1.0.100.202602081740/tools/bin/../lib/gcc/arm-none-eabi/14.3.1/../../../../arm-none-eabi/lib/thumb/v7e-m+fp/hard\libc_nano.a(libc_a-memmove.o)
                0x0800af64                memmove
 *fill*         0x0800af96        0x2 
 .text._sbrk_r  0x0800af98       0x20 C:/ST/STM32CubeIDE_2.0.0/STM32CubeIDE/plugins/com.st.stm32cube.ide.mcu.externaltools.gnu-tools-for-stm32.14.3.rel1.win32_1.0.100.202602081740/tools/bin/../lib/gcc/arm-none-eabi/14.3.1/../../../../arm-none-eabi/lib/thumb/v7e-m+fp/hard\libc_nano.a(libc_a-sbrkr.o)
                0x0800af98                _sbrk_r
 .text._realloc_r
                0x0800afb8       0x5c C:/ST/STM32CubeIDE_2.0.0/STM32CubeIDE/plugins/com.st.stm32cube.ide.mcu.externaltools.gnu-tools-for-stm32.14.3.rel1.win32_1.0.100.202602081740/tools/bin/../lib/gcc/arm-none-eabi/14.3.1/../../../../arm-none-eabi/lib/thumb/v7e-m+fp/hard\libc_nano.a(libc_a-reallocr.o)
                0x0800afb8                _realloc_r
 .text._malloc_usable_size_r
                0x0800b014       0x10 C:/ST/STM32CubeIDE_2.0.0/STM32CubeIDE/plugins/com.st.stm32cube.ide.mcu.externaltools.gnu-tools-for-stm32.14.3.rel1.win32_1.0.100.202602081740/tools/bin/../lib/gcc/arm-none-eabi/14.3.1/../../../../arm-none-eabi/lib/thumb/v7e-m+fp/hard\libc_nano.a(libc_a-msizer.o)
                0x0800b014                _malloc_usable_size_r
 *(.glue_7)
 .glue_7        0x0800b024        0x0 linker stubs
 *(.glue_7t)
 .glue_7t       0x0800b024        0x0 linker stubs
 *(.eh_frame)
 .eh_frame      0x0800b024        0x0 C:/ST/STM32CubeIDE_2.0.0/STM32CubeIDE/plugins/com.st.stm32cube.ide.mcu.externaltools.gnu-tools-for-stm32.14.3.rel1.win32_1.0.100.202602081740/tools/bin/../lib/gcc/arm-none-eabi/14.3.1/thumb/v7e-m+fp/hard/crtbegin.o
 *(.init)
 .init          0x0800b024        0x4 C:/ST/STM32CubeIDE_2.0.0/STM32CubeIDE/plugins/com.st.stm32cube.ide.mcu.externaltools.gnu-tools-for-stm32.14.3.rel1.win32_1.0.100.202602081740/tools/bin/../lib/gcc/arm-none-eabi/14.3.1/thumb/v7e-m+fp/hard/crti.o
                0x0800b024                _init
 .init          0x0800b028        0x8 C:/ST/STM32CubeIDE_2.0.0/STM32CubeIDE/plugins/com.st.stm32cube.ide.mcu.externaltools.gnu-tools-for-stm32.14.3.rel1.win32_1.0.100.202602081740/tools/bin/../lib/gcc/arm-none-eabi/14.3.1/thumb/v7e-m+fp/hard/crtn.o
 *(.fini)
 .fini          0x0800b030        0x4 C:/ST/STM32CubeIDE_2.0.0/STM32CubeIDE/plugins/com.st.stm32cube.ide.mcu.externaltools.gnu-tools-for-stm32.14.3.rel1.win32_1.0.100.202602081740/tools/bin/../lib/gcc/arm-none-eabi/14.3.1/thumb/v7e-m+fp/hard/crti.o
                0x0800b030                _fini
 .fini          0x0800b034        0x8 C:/ST/STM32CubeIDE_2.0.0/STM32CubeIDE/plugins/com.st.stm32cube.ide.mcu.externaltools.gnu-tools-for-stm32.14.3.rel1.win32_1.0.100.202602081740/tools/bin/../lib/gcc/arm-none-eabi/14.3.1/thumb/v7e-m+fp/hard/crtn.o
                0x0800b03c                        . = ALIGN (0x4)
                0x0800b03c                        _etext = .

.vfp11_veneer   0x0800b03c        0x0
 .vfp11_veneer  0x0800b03c        0x0 linker stubs

.v4_bx          0x0800b03c        0x0
 .v4_bx         0x0800b03c        0x0 linker stubs

.iplt           0x0800b03c        0x0
 .iplt          0x0800b03c        0x0 C:/ST/STM32CubeIDE_2.0.0/STM32CubeIDE/plugins/com.st.stm32cube.ide.mcu.externaltools.gnu-tools-for-stm32.14.3.rel1.win32_1.0.100.202602081740/tools/bin/../lib/gcc/arm-none-eabi/14.3.1/thumb/v7e-m+fp/hard/crtbegin.o

.rodata         0x0800b03c      0x2c4
                0x0800b03c                        . = ALIGN (0x4)
 *(.rodata)
 .rodata        0x0800b03c       0x13 ./Core/Src/cdc_app.o
 *fill*         0x0800b04f        0x1 
 .rodata        0x0800b050        0x8 ./Core/Src/uac2_app.o
 .rodata        0x0800b058       0x54 ./Core/Src/usb_descriptors.o
 *(.rodata*)
 .rodata.AHBPrescTable
                0x0800b0ac       0x10 ./Core/Src/system_stm32f4xx.o
                0x0800b0ac                AHBPrescTable
 .rodata.sample_rates
                0x0800b0bc        0x8 ./Core/Src/uac2_app.o
                0x0800b0bc                sample_rates
 .rodata.resolutions_per_format
                0x0800b0c4        0x2 ./Core/Src/uac2_app.o
                0x0800b0c4                resolutions_per_format
 *fill*         0x0800b0c6        0x2 
 .rodata.desc_device
                0x0800b0c8       0x12 ./Core/Src/usb_descriptors.o
                0x0800b0c8                desc_device
 *fill*         0x0800b0da        0x2 
 .rodata.desc_configuration
                0x0800b0dc      0x183 ./Core/Src/usb_descriptors.o
                0x0800b0dc                desc_configuration
 *fill*         0x0800b25f        0x1 
 .rodata.__compound_literal.0
                0x0800b260        0x2 ./Core/Src/usb_descriptors.o
 *fill*         0x0800b262        0x2 
 .rodata._usbd_driver
                0x0800b264       0x48 ./tinyusb-0.20.0/src/device/usbd.o
 .rodata._dwc2_controller
                0x0800b2ac       0x10 ./tinyusb-0.20.0/src/portable/synopsys/dwc2/dcd_dwc2.o
 .rodata._dwc2_controller
                0x0800b2bc       0x10 ./tinyusb-0.20.0/src/portable/synopsys/dwc2/dwc2_common.o
 .rodata._svfprintf_r.str1.1
                0x0800b2cc       0x33 C:/ST/STM32CubeIDE_2.0.0/STM32CubeIDE/plugins/com.st.stm32cube.ide.mcu.externaltools.gnu-tools-for-stm32.14.3.rel1.win32_1.0.100.202602081740/tools/bin/../lib/gcc/arm-none-eabi/14.3.1/../../../../arm-none-eabi/lib/thumb/v7e-m+fp/hard\libc_nano.a(libc_a-nano-svfprintf.o)
                                 0x11 (size before relaxing)
 .rodata._printf_i.str1.1
                0x0800b2ff       0x22 C:/ST/STM32CubeIDE_2.0.0/STM32CubeIDE/plugins/com.st.stm32cube.ide.mcu.externaltools.gnu-tools-for-stm32.14.3.rel1.win32_1.0.100.202602081740/tools/bin/../lib/gcc/arm-none-eabi/14.3.1/../../../../arm-none-eabi/lib/thumb/v7e-m+fp/hard\libc_nano.a(libc_a-nano-vfprintf_i.o)
                0x0800b324                        . = ALIGN (0x4)
 *fill*         0x0800b2ff        0x1 

.ARM.extab      0x0800b300        0x0
                0x0800b300                        . = ALIGN (0x4)
 *(.ARM.extab* .gnu.linkonce.armextab.*)
                0x0800b300                        . = ALIGN (0x4)

.ARM            0x0800b300        0x8
                0x0800b300                        . = ALIGN (0x4)
                0x0800b300                        __exidx_start = .
 *(.ARM.exidx*)
 .ARM.exidx     0x0800b300        0x8 C:/ST/STM32CubeIDE_2.0.0/STM32CubeIDE/plugins/com.st.stm32cube.ide.mcu.externaltools.gnu-tools-for-stm32.14.3.rel1.win32_1.0.100.202602081740/tools/bin/../lib/gcc/arm-none-eabi/14.3.1/../../../../arm-none-eabi/lib/thumb/v7e-m+fp/hard\libc_nano.a(libc_a-strlen.o)
 .ARM.exidx     0x0800b308        0x0 C:/ST/STM32CubeIDE_2.0.0/STM32CubeIDE/plugins/com.st.stm32cube.ide.mcu.externaltools.gnu-tools-for-stm32.14.3.rel1.win32_1.0.100.202602081740/tools/bin/../lib/gcc/arm-none-eabi/14.3.1/../../../../arm-none-eabi/lib/thumb/v7e-m+fp/hard\libc_nano.a(libc_a-memchr.o)
                                  0x8 (size before relaxing)
 .ARM.exidx     0x0800b308        0x0 C:/ST/STM32CubeIDE_2.0.0/STM32CubeIDE/plugins/com.st.stm32cube.ide.mcu.externaltools.gnu-tools-for-stm32.14.3.rel1.win32_1.0.100.202602081740/tools/bin/../lib/gcc/arm-none-eabi/14.3.1/thumb/v7e-m+fp/hard\libgcc.a(_udivmoddi4.o)
                                  0x8 (size before relaxing)
                0x0800b308                        __exidx_end = .
                0x0800b308                        . = ALIGN (0x4)

.preinit_array  0x0800b308        0x0
                0x0800b308                        . = ALIGN (0x4)
                0x0800b308                        PROVIDE (__preinit_array_start = .)
 *(.preinit_array*)
                0x0800b308                        PROVIDE (__preinit_array_end = .)
                0x0800b308                        . = ALIGN (0x4)

.init_array     0x0800b308        0x4
                0x0800b308                        . = ALIGN (0x4)
                0x0800b308                        PROVIDE (__init_array_start = .)
 *(SORT_BY_NAME(.init_array.*))
 *(.init_array*)
 .init_array    0x0800b308        0x4 C:/ST/STM32CubeIDE_2.0.0/STM32CubeIDE/plugins/com.st.stm32cube.ide.mcu.externaltools.gnu-tools-for-stm32.14.3.rel1.win32_1.0.100.202602081740/tools/bin/../lib/gcc/arm-none-eabi/14.3.1/thumb/v7e-m+fp/hard/crtbegin.o
                0x0800b30c                        PROVIDE (__init_array_end = .)
                0x0800b30c                        . = ALIGN (0x4)

.fini_array     0x0800b30c        0x4
                0x0800b30c                        . = ALIGN (0x4)
                [!provide]                        PROVIDE (__fini_array_start = .)
 *(SORT_BY_NAME(.fini_array.*))
 *(.fini_array*)
 .fini_array    0x0800b30c        0x4 C:/ST/STM32CubeIDE_2.0.0/STM32CubeIDE/plugins/com.st.stm32cube.ide.mcu.externaltools.gnu-tools-for-stm32.14.3.rel1.win32_1.0.100.202602081740/tools/bin/../lib/gcc/arm-none-eabi/14.3.1/thumb/v7e-m+fp/hard/crtbegin.o
                [!provide]                        PROVIDE (__fini_array_end = .)
                0x0800b310                        . = ALIGN (0x4)
                0x0800b310                        _sidata = LOADADDR (.data)

.rel.dyn        0x0800b310        0x0
 .rel.iplt      0x0800b310        0x0 C:/ST/STM32CubeIDE_2.0.0/STM32CubeIDE/plugins/com.st.stm32cube.ide.mcu.externaltools.gnu-tools-for-stm32.14.3.rel1.win32_1.0.100.202602081740/tools/bin/../lib/gcc/arm-none-eabi/14.3.1/thumb/v7e-m+fp/hard/crtbegin.o

.data           0x20000000       0x9c load address 0x0800b310
                0x20000000                        . = ALIGN (0x4)
                0x20000000                        _sdata = .
 *(.data)
 *(.data*)
 .data.SystemCoreClock
                0x20000000        0x4 ./Core/Src/system_stm32f4xx.o
                0x20000000                SystemCoreClock
 .data.current_sample_rate
                0x20000004        0x4 ./Core/Src/uac2_app.o
                0x20000004                current_sample_rate
 .data.blink_interval_ms
                0x20000008        0x4 ./Core/Src/uac2_app.o
                0x20000008                blink_interval_ms
 .data.string_desc_arr
                0x2000000c       0x1c ./Core/Src/usb_descriptors.o
                0x2000000c                string_desc_arr
 .data.uwTickPrio
                0x20000028        0x4 ./Drivers/STM32F4xx_HAL_Driver/Src/stm32f4xx_hal.o
                0x20000028                uwTickPrio
 .data.uwTickFreq
                0x2000002c        0x1 ./Drivers/STM32F4xx_HAL_Driver/Src/stm32f4xx_hal.o
                0x2000002c                uwTickFreq
 *fill*         0x2000002d        0x3 
 .data._cdcd_cfg
                0x20000030        0x1 ./tinyusb-0.20.0/src/class/cdc/cdc_device.o
 .data._usbd_rhport
                0x20000031        0x1 ./tinyusb-0.20.0/src/device/usbd.o
 *fill*         0x20000032        0x2 
 .data._usbd_spin
                0x20000034        0x8 ./tinyusb-0.20.0/src/device/usbd.o
 .data._usbd_qdef
                0x2000003c       0x10 ./tinyusb-0.20.0/src/device/usbd.o
                0x2000003c                _usbd_qdef
 .data._impure_ptr
                0x2000004c        0x4 C:/ST/STM32CubeIDE_2.0.0/STM32CubeIDE/plugins/com.st.stm32cube.ide.mcu.externaltools.gnu-tools-for-stm32.14.3.rel1.win32_1.0.100.202602081740/tools/bin/../lib/gcc/arm-none-eabi/14.3.1/../../../../arm-none-eabi/lib/thumb/v7e-m+fp/hard\libc_nano.a(libc_a-impure.o)
                0x2000004c                _impure_ptr
 .data._impure_data
                0x20000050       0x4c C:/ST/STM32CubeIDE_2.0.0/STM32CubeIDE/plugins/com.st.stm32cube.ide.mcu.externaltools.gnu-tools-for-stm32.14.3.rel1.win32_1.0.100.202602081740/tools/bin/../lib/gcc/arm-none-eabi/14.3.1/../../../../arm-none-eabi/lib/thumb/v7e-m+fp/hard\libc_nano.a(libc_a-impure.o)
                0x20000050                _impure_data
 *(.RamFunc)
 *(.RamFunc*)
                0x2000009c                        . = ALIGN (0x4)
                0x2000009c                        _edata = .

.igot.plt       0x2000009c        0x0 load address 0x0800b3ac
 .igot.plt      0x2000009c        0x0 C:/ST/STM32CubeIDE_2.0.0/STM32CubeIDE/plugins/com.st.stm32cube.ide.mcu.externaltools.gnu-tools-for-stm32.14.3.rel1.win32_1.0.100.202602081740/tools/bin/../lib/gcc/arm-none-eabi/14.3.1/thumb/v7e-m+fp/hard/crtbegin.o
                0x2000009c                        . = ALIGN (0x4)

.bss            0x2000009c     0x1504 load address 0x0800b3ac
                0x2000009c                        _sbss = .
                0x2000009c                        __bss_start__ = _sbss
 *(.bss)
 .bss           0x2000009c       0x1c C:/ST/STM32CubeIDE_2.0.0/STM32CubeIDE/plugins/com.st.stm32cube.ide.mcu.externaltools.gnu-tools-for-stm32.14.3.rel1.win32_1.0.100.202602081740/tools/bin/../lib/gcc/arm-none-eabi/14.3.1/thumb/v7e-m+fp/hard/crtbegin.o
 *(.bss*)
 .bss.hpcd_USB_OTG_FS
                0x200000b8      0x4e4 ./Core/Src/main.o
                0x200000b8                hpcd_USB_OTG_FS
 .bss.__sbrk_heap_end
                0x2000059c        0x4 ./Core/Src/sysmem.o
 .bss.mute      0x200005a0        0x3 ./Core/Src/uac2_app.o
                0x200005a0                mute
 *fill*         0x200005a3        0x1 
 .bss.volume    0x200005a4        0x6 ./Core/Src/uac2_app.o
                0x200005a4                volume
 *fill*         0x200005aa        0x2 
 .bss.spk_buf   0x200005ac      0x310 ./Core/Src/uac2_app.o
                0x200005ac                spk_buf
 .bss.mic_buf   0x200008bc       0xc4 ./Core/Src/uac2_app.o
                0x200008bc                mic_buf
 .bss.spk_data_size
                0x20000980        0x2 ./Core/Src/uac2_app.o
                0x20000980                spk_data_size
 .bss.current_resolution
                0x20000982        0x1 ./Core/Src/uac2_app.o
                0x20000982                current_resolution
 *fill*         0x20000983        0x1 
 .bss._desc_str
                0x20000984       0x40 ./Core/Src/usb_descriptors.o
 .bss.uwTick    0x200009c4        0x4 ./Drivers/STM32F4xx_HAL_Driver/Src/stm32f4xx_hal.o
                0x200009c4                uwTick
 .bss.ep_in_sw_buf
                0x200009c8      0x188 ./tinyusb-0.20.0/src/class/audio/audio_device.o
 .bss.lin_buf_in
                0x20000b50       0xc4 ./tinyusb-0.20.0/src/class/audio/audio_device.o
 .bss.ep_out_sw_buf
                0x20000c14      0x310 ./tinyusb-0.20.0/src/class/audio/audio_device.o
 .bss.lin_buf_out
                0x20000f24      0x188 ./tinyusb-0.20.0/src/class/audio/audio_device.o
 .bss.ctrl_buf  0x200010ac       0x40 ./tinyusb-0.20.0/src/class/audio/audio_device.o
                0x200010ac                ctrl_buf
 .bss._audiod_fct
                0x200010ec       0x50 ./tinyusb-0.20.0/src/class/audio/audio_device.o
 .bss.ctrl_blackout.0
                0x2000113c        0x4 ./tinyusb-0.20.0/src/class/audio/audio_device.o
 .bss._cdcd_itf
                0x20001140       0xb4 ./tinyusb-0.20.0/src/class/cdc/cdc_device.o
 .bss._cdcd_epbuf
                0x200011f4       0x80 ./tinyusb-0.20.0/src/class/cdc/cdc_device.o
 .bss._usbd_dev
                0x20001274       0x2c ./tinyusb-0.20.0/src/device/usbd.o
 .bss._usbd_queued_setup
                0x200012a0        0x1 ./tinyusb-0.20.0/src/device/usbd.o
 *fill*         0x200012a1        0x3 
 .bss._app_driver
                0x200012a4        0x4 ./tinyusb-0.20.0/src/device/usbd.o
 .bss._app_driver_count
                0x200012a8        0x1 ./tinyusb-0.20.0/src/device/usbd.o
 *fill*         0x200012a9        0x3 
 .bss._usbd_qdef_buf
                0x200012ac       0xc0 ./tinyusb-0.20.0/src/device/usbd.o
                0x200012ac                _usbd_qdef_buf
 .bss._usbd_q   0x2000136c        0x4 ./tinyusb-0.20.0/src/device/usbd.o
 .bss._ctrl_xfer
                0x20001370       0x14 ./tinyusb-0.20.0/src/device/usbd_control.o
 .bss._ctrl_epbuf
                0x20001384       0x40 ./tinyusb-0.20.0/src/device/usbd_control.o
 .bss.xfer_status
                0x200013c4       0x80 ./tinyusb-0.20.0/src/portable/synopsys/dwc2/dcd_dwc2.o
 .bss._dcd_data
                0x20001444        0x8 ./tinyusb-0.20.0/src/portable/synopsys/dwc2/dcd_dwc2.o
 .bss._dcd_usbbuf
                0x2000144c        0x8 ./tinyusb-0.20.0/src/portable/synopsys/dwc2/dcd_dwc2.o
 .bss._tusb_rhport_role
                0x20001454        0x2 ./tinyusb-0.20.0/src/tusb.o
                0x20001454                _tusb_rhport_role
 *fill*         0x20001456        0x2 
 .bss.__sf      0x20001458      0x138 C:/ST/STM32CubeIDE_2.0.0/STM32CubeIDE/plugins/com.st.stm32cube.ide.mcu.externaltools.gnu-tools-for-stm32.14.3.rel1.win32_1.0.100.202602081740/tools/bin/../lib/gcc/arm-none-eabi/14.3.1/../../../../arm-none-eabi/lib/thumb/v7e-m+fp/hard\libc_nano.a(libc_a-findfp.o)
                0x20001458                __sf
 .bss.errno     0x20001590        0x4 C:/ST/STM32CubeIDE_2.0.0/STM32CubeIDE/plugins/com.st.stm32cube.ide.mcu.externaltools.gnu-tools-for-stm32.14.3.rel1.win32_1.0.100.202602081740/tools/bin/../lib/gcc/arm-none-eabi/14.3.1/../../../../arm-none-eabi/lib/thumb/v7e-m+fp/hard\libc_nano.a(libc_a-reent.o)
                0x20001590                errno
 .bss.__lock___malloc_recursive_mutex
                0x20001594        0x1 C:/ST/STM32CubeIDE_2.0.0/STM32CubeIDE/plugins/com.st.stm32cube.ide.mcu.externaltools.gnu-tools-for-stm32.14.3.rel1.win32_1.0.100.202602081740/tools/bin/../lib/gcc/arm-none-eabi/14.3.1/../../../../arm-none-eabi/lib/thumb/v7e-m+fp/hard\libc_nano.a(libc_a-lock.o)
                0x20001594                __lock___malloc_recursive_mutex
 *fill*         0x20001595        0x3 
 .bss.__malloc_sbrk_start
                0x20001598        0x4 C:/ST/STM32CubeIDE_2.0.0/STM32CubeIDE/plugins/com.st.stm32cube.ide.mcu.externaltools.gnu-tools-for-stm32.14.3.rel1.win32_1.0.100.202602081740/tools/bin/../lib/gcc/arm-none-eabi/14.3.1/../../../../arm-none-eabi/lib/thumb/v7e-m+fp/hard\libc_nano.a(libc_a-mallocr.o)
                0x20001598                __malloc_sbrk_start
 .bss.__malloc_free_list
                0x2000159c        0x4 C:/ST/STM32CubeIDE_2.0.0/STM32CubeIDE/plugins/com.st.stm32cube.ide.mcu.externaltools.gnu-tools-for-stm32.14.3.rel1.win32_1.0.100.202602081740/tools/bin/../lib/gcc/arm-none-eabi/14.3.1/../../../../arm-none-eabi/lib/thumb/v7e-m+fp/hard\libc_nano.a(libc_a-mallocr.o)
                0x2000159c                __malloc_free_list
 *(COMMON)
                0x200015a0                        . = ALIGN (0x4)
                0x200015a0                        _ebss = .
                0x200015a0                        __bss_end__ = _ebss

._user_heap_stack
                0x200015a0     0x1600 load address 0x0800b3ac
                0x200015a0                        . = ALIGN (0x8)
                [!provide]                        PROVIDE (end = .)
                0x200015a0                        PROVIDE (_end = .)
                0x20001ba0                        . = (. + _Min_Heap_Size)
 *fill*         0x200015a0      0x600 
                0x20002ba0                        . = (. + _Min_Stack_Size)
 *fill*         0x20001ba0     0x1000 
                0x20002ba0                        . = ALIGN (0x8)

/DISCARD/
 libc.a(*)
 libm.a(*)
 libgcc.a(*)

.ARM.attributes
                0x00000000       0x30
 *(.ARM.attributes)
 .ARM.attributes
                0x00000000       0x22 C:/ST/STM32CubeIDE_2.0.0/STM32CubeIDE/plugins/com.st.stm32cube.ide.mcu.externaltools.gnu-tools-for-stm32.14.3.rel1.win32_1.0.100.202602081740/tools/bin/../lib/gcc/arm-none-eabi/14.3.1/thumb/v7e-m+fp/hard/crti.o
 .ARM.attributes
                0x00000022       0x34 C:/ST/STM32CubeIDE_2.0.0/STM32CubeIDE/plugins/com.st.stm32cube.ide.mcu.externaltools.gnu-tools-for-stm32.14.3.rel1.win32_1.0.100.202602081740/tools/bin/../lib/gcc/arm-none-eabi/14.3.1/thumb/v7e-m+fp/hard/crtbegin.o
 .ARM.attributes
                0x00000056       0x34 ./Core/Src/cdc_app.o
 .ARM.attributes
                0x0000008a       0x34 ./Core/Src/main.o
 .ARM.attributes
                0x000000be       0x34 ./Core/Src/stm32f4xx_hal_msp.o
 .ARM.attributes
                0x000000f2       0x34 ./Core/Src/stm32f4xx_it.o
 .ARM.attributes
                0x00000126       0x34 ./Core/Src/sysmem.o
 .ARM.attributes
                0x0000015a       0x34 ./Core/Src/system_stm32f4xx.o
 .ARM.attributes
                0x0000018e       0x34 ./Core/Src/uac2_app.o
 .ARM.attributes
                0x000001c2       0x34 ./Core/Src/usb_descriptors.o
 .ARM.attributes
                0x000001f6       0x21 ./Core/Startup/startup_stm32f411ceux.o
 .ARM.attributes
                0x00000217       0x34 ./Drivers/STM32F4xx_HAL_Driver/Src/stm32f4xx_hal.o
 .ARM.attributes
                0x0000024b       0x34 ./Drivers/STM32F4xx_HAL_Driver/Src/stm32f4xx_hal_cortex.o
 .ARM.attributes
                0x0000027f       0x34 ./Drivers/STM32F4xx_HAL_Driver/Src/stm32f4xx_hal_gpio.o
 .ARM.attributes
                0x000002b3       0x34 ./Drivers/STM32F4xx_HAL_Driver/Src/stm32f4xx_hal_pcd.o
 .ARM.attributes
                0x000002e7       0x34 ./Drivers/STM32F4xx_HAL_Driver/Src/stm32f4xx_hal_rcc.o
 .ARM.attributes
                0x0000031b       0x34 ./Drivers/STM32F4xx_HAL_Driver/Src/stm32f4xx_ll_usb.o
 .ARM.attributes
                0x0000034f       0x34 ./tinyusb-0.20.0/src/class/audio/audio_device.o
 .ARM.attributes
                0x00000383       0x34 ./tinyusb-0.20.0/src/class/cdc/cdc_device.o
 .ARM.attributes
                0x000003b7       0x34 ./tinyusb-0.20.0/src/common/tusb_fifo.o
 .ARM.attributes
                0x000003eb       0x34 ./tinyusb-0.20.0/src/device/usbd.o
 .ARM.attributes
                0x0000041f       0x34 ./tinyusb-0.20.0/src/device/usbd_control.o
 .ARM.attributes
                0x00000453       0x34 ./tinyusb-0.20.0/src/portable/synopsys/dwc2/dcd_dwc2.o
 .ARM.attributes
                0x00000487       0x34 ./tinyusb-0.20.0/src/portable/synopsys/dwc2/dwc2_common.o
 .ARM.attributes
                0x000004bb       0x34 ./tinyusb-0.20.0/src/tusb.o
 .ARM.attributes
                0x000004ef       0x34 C:/ST/STM32CubeIDE_2.0.0/STM32CubeIDE/plugins/com.st.stm32cube.ide.mcu.externaltools.gnu-tools-for-stm32.14.3.rel1.win32_1.0.100.202602081740/tools/bin/../lib/gcc/arm-none-eabi/14.3.1/../../../../arm-none-eabi/lib/thumb/v7e-m+fp/hard\libc_nano.a(libc_a-findfp.o)
 .ARM.attributes
                0x00000523       0x34 C:/ST/STM32CubeIDE_2.0.0/STM32CubeIDE/plugins/com.st.stm32cube.ide.mcu.externaltools.gnu-tools-for-stm32.14.3.rel1.win32_1.0.100.202602081740/tools/bin/../lib/gcc/arm-none-eabi/14.3.1/../../../../arm-none-eabi/lib/thumb/v7e-m+fp/hard\libc_nano.a(libc_a-sprintf.o)
 .ARM.attributes
                0x00000557       0x34 C:/ST/STM32CubeIDE_2.0.0/STM32CubeIDE/plugins/com.st.stm32cube.ide.mcu.externaltools.gnu-tools-for-stm32.14.3.rel1.win32_1.0.100.202602081740/tools/bin/../lib/gcc/arm-none-eabi/14.3.1/../../../../arm-none-eabi/lib/thumb/v7e-m+fp/hard\libc_nano.a(libc_a-memset.o)
 .ARM.attributes
                0x0000058b       0x34 C:/ST/STM32CubeIDE_2.0.0/STM32CubeIDE/plugins/com.st.stm32cube.ide.mcu.externaltools.gnu-tools-for-stm32.14.3.rel1.win32_1.0.100.202602081740/tools/bin/../lib/gcc/arm-none-eabi/14.3.1/../../../../arm-none-eabi/lib/thumb/v7e-m+fp/hard\libc_nano.a(libc_a-reent.o)
 .ARM.attributes
                0x000005bf       0x34 C:/ST/STM32CubeIDE_2.0.0/STM32CubeIDE/plugins/com.st.stm32cube.ide.mcu.externaltools.gnu-tools-for-stm32.14.3.rel1.win32_1.0.100.202602081740/tools/bin/../lib/gcc/arm-none-eabi/14.3.1/../../../../arm-none-eabi/lib/thumb/v7e-m+fp/hard\libc_nano.a(libc_a-impure.o)
 .ARM.attributes
                0x000005f3       0x34 C:/ST/STM32CubeIDE_2.0.0/STM32CubeIDE/plugins/com.st.stm32cube.ide.mcu.externaltools.gnu-tools-for-stm32.14.3.rel1.win32_1.0.100.202602081740/tools/bin/../lib/gcc/arm-none-eabi/14.3.1/../../../../arm-none-eabi/lib/thumb/v7e-m+fp/hard\libc_nano.a(libc_a-errno.o)
 .ARM.attributes
                0x00000627       0x34 C:/ST/STM32CubeIDE_2.0.0/STM32CubeIDE/plugins/com.st.stm32cube.ide.mcu.externaltools.gnu-tools-for-stm32.14.3.rel1.win32_1.0.100.202602081740/tools/bin/../lib/gcc/arm-none-eabi/14.3.1/../../../../arm-none-eabi/lib/thumb/v7e-m+fp/hard\libc_nano.a(libc_a-init.o)
 .ARM.attributes
                0x0000065b       0x34 C:/ST/STM32CubeIDE_2.0.0/STM32CubeIDE/plugins/com.st.stm32cube.ide.mcu.externaltools.gnu-tools-for-stm32.14.3.rel1.win32_1.0.100.202602081740/tools/bin/../lib/gcc/arm-none-eabi/14.3.1/../../../../arm-none-eabi/lib/thumb/v7e-m+fp/hard\libc_nano.a(libc_a-lock.o)
 .ARM.attributes
                0x0000068f       0x34 C:/ST/STM32CubeIDE_2.0.0/STM32CubeIDE/plugins/com.st.stm32cube.ide.mcu.externaltools.gnu-tools-for-stm32.14.3.rel1.win32_1.0.100.202602081740/tools/bin/../lib/gcc/arm-none-eabi/14.3.1/../../../../arm-none-eabi/lib/thumb/v7e-m+fp/hard\libc_nano.a(libc_a-memcpy-stub.o)
 .ARM.attributes
                0x000006c3       0x17 C:/ST/STM32CubeIDE_2.0.0/STM32CubeIDE/plugins/com.st.stm32cube.ide.mcu.externaltools.gnu-tools-for-stm32.14.3.rel1.win32_1.0.100.202602081740/tools/bin/../lib/gcc/arm-none-eabi/14.3.1/../../../../arm-none-eabi/lib/thumb/v7e-m+fp/hard\libc_nano.a(libc_a-strlen.o)
 .ARM.attributes
                0x000006da       0x34 C:/ST/STM32CubeIDE_2.0.0/STM32CubeIDE/plugins/com.st.stm32cube.ide.mcu.externaltools.gnu-tools-for-stm32.14.3.rel1.win32_1.0.100.202602081740/tools/bin/../lib/gcc/arm-none-eabi/14.3.1/../../../../arm-none-eabi/lib/thumb/v7e-m+fp/hard\libc_nano.a(libc_a-freer.o)
 .ARM.attributes
                0x0000070e       0x34 C:/ST/STM32CubeIDE_2.0.0/STM32CubeIDE/plugins/com.st.stm32cube.ide.mcu.externaltools.gnu-tools-for-stm32.14.3.rel1.win32_1.0.100.202602081740/tools/bin/../lib/gcc/arm-none-eabi/14.3.1/../../../../arm-none-eabi/lib/thumb/v7e-m+fp/hard\libc_nano.a(libc_a-mallocr.o)
 .ARM.attributes
                0x00000742       0x34 C:/ST/STM32CubeIDE_2.0.0/STM32CubeIDE/plugins/com.st.stm32cube.ide.mcu.externaltools.gnu-tools-for-stm32.14.3.rel1.win32_1.0.100.202602081740/tools/bin/../lib/gcc/arm-none-eabi/14.3.1/../../../../arm-none-eabi/lib/thumb/v7e-m+fp/hard\libc_nano.a(libc_a-mlock.o)
 .ARM.attributes
                0x00000776       0x34 C:/ST/STM32CubeIDE_2.0.0/STM32CubeIDE/plugins/com.st.stm32cube.ide.mcu.externaltools.gnu-tools-for-stm32.14.3.rel1.win32_1.0.100.202602081740/tools/bin/../lib/gcc/arm-none-eabi/14.3.1/../../../../arm-none-eabi/lib/thumb/v7e-m+fp/hard\libc_nano.a(libc_a-nano-svfprintf.o)
 .ARM.attributes
                0x000007aa       0x34 C:/ST/STM32CubeIDE_2.0.0/STM32CubeIDE/plugins/com.st.stm32cube.ide.mcu.externaltools.gnu-tools-for-stm32.14.3.rel1.win32_1.0.100.202602081740/tools/bin/../lib/gcc/arm-none-eabi/14.3.1/../../../../arm-none-eabi/lib/thumb/v7e-m+fp/hard\libc_nano.a(libc_a-nano-vfprintf_i.o)
 .ARM.attributes
                0x000007de       0x34 C:/ST/STM32CubeIDE_2.0.0/STM32CubeIDE/plugins/com.st.stm32cube.ide.mcu.externaltools.gnu-tools-for-stm32.14.3.rel1.win32_1.0.100.202602081740/tools/bin/../lib/gcc/arm-none-eabi/14.3.1/../../../../arm-none-eabi/lib/thumb/v7e-m+fp/hard\libc_nano.a(libc_a-memmove.o)
 .ARM.attributes
                0x00000812       0x34 C:/ST/STM32CubeIDE_2.0.0/STM32CubeIDE/plugins/com.st.stm32cube.ide.mcu.externaltools.gnu-tools-for-stm32.14.3.rel1.win32_1.0.100.202602081740/tools/bin/../lib/gcc/arm-none-eabi/14.3.1/../../../../arm-none-eabi/lib/thumb/v7e-m+fp/hard\libc_nano.a(libc_a-sbrkr.o)
 .ARM.attributes
                0x00000846       0x1c C:/ST/STM32CubeIDE_2.0.0/STM32CubeIDE/plugins/com.st.stm32cube.ide.mcu.externaltools.gnu-tools-for-stm32.14.3.rel1.win32_1.0.100.202602081740/tools/bin/../lib/gcc/arm-none-eabi/14.3.1/../../../../arm-none-eabi/lib/thumb/v7e-m+fp/hard\libc_nano.a(libc_a-memchr.o)
 .ARM.attributes
                0x00000862       0x34 C:/ST/STM32CubeIDE_2.0.0/STM32CubeIDE/plugins/com.st.stm32cube.ide.mcu.externaltools.gnu-tools-for-stm32.14.3.rel1.win32_1.0.100.202602081740/tools/bin/../lib/gcc/arm-none-eabi/14.3.1/../../../../arm-none-eabi/lib/thumb/v7e-m+fp/hard\libc_nano.a(libc_a-reallocr.o)
 .ARM.attributes
                0x00000896       0x34 C:/ST/STM32CubeIDE_2.0.0/STM32CubeIDE/plugins/com.st.stm32cube.ide.mcu.externaltools.gnu-tools-for-stm32.14.3.rel1.win32_1.0.100.202602081740/tools/bin/../lib/gcc/arm-none-eabi/14.3.1/../../../../arm-none-eabi/lib/thumb/v7e-m+fp/hard\libc_nano.a(libc_a-msizer.o)
 .ARM.attributes
                0x000008ca       0x22 C:/ST/STM32CubeIDE_2.0.0/STM32CubeIDE/plugins/com.st.stm32cube.ide.mcu.externaltools.gnu-tools-for-stm32.14.3.rel1.win32_1.0.100.202602081740/tools/bin/../lib/gcc/arm-none-eabi/14.3.1/thumb/v7e-m+fp/hard\libgcc.a(_aeabi_uldivmod.o)
 .ARM.attributes
                0x000008ec       0x34 C:/ST/STM32CubeIDE_2.0.0/STM32CubeIDE/plugins/com.st.stm32cube.ide.mcu.externaltools.gnu-tools-for-stm32.14.3.rel1.win32_1.0.100.202602081740/tools/bin/../lib/gcc/arm-none-eabi/14.3.1/thumb/v7e-m+fp/hard\libgcc.a(_udivmoddi4.o)
 .ARM.attributes
                0x00000920       0x22 C:/ST/STM32CubeIDE_2.0.0/STM32CubeIDE/plugins/com.st.stm32cube.ide.mcu.externaltools.gnu-tools-for-stm32.14.3.rel1.win32_1.0.100.202602081740/tools/bin/../lib/gcc/arm-none-eabi/14.3.1/thumb/v7e-m+fp/hard\libgcc.a(_dvmd_tls.o)
 .ARM.attributes
                0x00000942       0x22 C:/ST/STM32CubeIDE_2.0.0/STM32CubeIDE/plugins/com.st.stm32cube.ide.mcu.externaltools.gnu-tools-for-stm32.14.3.rel1.win32_1.0.100.202602081740/tools/bin/../lib/gcc/arm-none-eabi/14.3.1/thumb/v7e-m+fp/hard/crtn.o
OUTPUT(TUTO_TINYUSB.elf elf32-littlearm)
LOAD linker stubs
LOAD C:/ST/STM32CubeIDE_2.0.0/STM32CubeIDE/plugins/com.st.stm32cube.ide.mcu.externaltools.gnu-tools-for-stm32.14.3.rel1.win32_1.0.100.202602081740/tools/bin/../lib/gcc/arm-none-eabi/14.3.1/../../../../arm-none-eabi/lib/thumb/v7e-m+fp/hard\libc.a
LOAD C:/ST/STM32CubeIDE_2.0.0/STM32CubeIDE/plugins/com.st.stm32cube.ide.mcu.externaltools.gnu-tools-for-stm32.14.3.rel1.win32_1.0.100.202602081740/tools/bin/../lib/gcc/arm-none-eabi/14.3.1/../../../../arm-none-eabi/lib/thumb/v7e-m+fp/hard\libm.a
LOAD C:/ST/STM32CubeIDE_2.0.0/STM32CubeIDE/plugins/com.st.stm32cube.ide.mcu.externaltools.gnu-tools-for-stm32.14.3.rel1.win32_1.0.100.202602081740/tools/bin/../lib/gcc/arm-none-eabi/14.3.1/thumb/v7e-m+fp/hard\libgcc.a

.debug_info     0x00000000    0x184c1
 .debug_info    0x00000000      0x273 ./Core/Src/cdc_app.o
 .debug_info    0x00000273      0xbc2 ./Core/Src/main.o
 .debug_info    0x00000e35      0xaef ./Core/Src/stm32f4xx_hal_msp.o
 .debug_info    0x00001924      0x151 ./Core/Src/stm32f4xx_it.o
 .debug_info    0x00001a75      0x168 ./Core/Src/sysmem.o
 .debug_info    0x00001bdd      0x53e ./Core/Src/system_stm32f4xx.o
 .debug_info    0x0000211b      0xc63 ./Core/Src/uac2_app.o
 .debug_info    0x00002d7e      0xaa3 ./Core/Src/usb_descriptors.o
 .debug_info    0x00003821       0x30 ./Core/Startup/startup_stm32f411ceux.o
 .debug_info    0x00003851      0x8c4 ./Drivers/STM32F4xx_HAL_Driver/Src/stm32f4xx_hal.o
 .debug_info    0x00004115      0xcfc ./Drivers/STM32F4xx_HAL_Driver/Src/stm32f4xx_hal_cortex.o
 .debug_info    0x00004e11      0x6f9 ./Drivers/STM32F4xx_HAL_Driver/Src/stm32f4xx_hal_gpio.o
 .debug_info    0x0000550a     0x1577 ./Drivers/STM32F4xx_HAL_Driver/Src/stm32f4xx_hal_pcd.o
 .debug_info    0x00006a81      0x904 ./Drivers/STM32F4xx_HAL_Driver/Src/stm32f4xx_hal_rcc.o
 .debug_info    0x00007385     0x1993 ./Drivers/STM32F4xx_HAL_Driver/Src/stm32f4xx_ll_usb.o
 .debug_info    0x00008d18     0x2a64 ./tinyusb-0.20.0/src/class/audio/audio_device.o
 .debug_info    0x0000b77c     0x1b9b ./tinyusb-0.20.0/src/class/cdc/cdc_device.o
 .debug_info    0x0000d317     0x137d ./tinyusb-0.20.0/src/common/tusb_fifo.o
 .debug_info    0x0000e694     0x33f1 ./tinyusb-0.20.0/src/device/usbd.o
 .debug_info    0x00011a85      0x758 ./tinyusb-0.20.0/src/device/usbd_control.o
 .debug_info    0x000121dd     0x3a9f ./tinyusb-0.20.0/src/portable/synopsys/dwc2/dcd_dwc2.o
 .debug_info    0x00015c7c     0x121a ./tinyusb-0.20.0/src/portable/synopsys/dwc2/dwc2_common.o
 .debug_info    0x00016e96     0x162b ./tinyusb-0.20.0/src/tusb.o

.debug_abbrev   0x00000000     0x3f2e
 .debug_abbrev  0x00000000      0x120 ./Core/Src/cdc_app.o
 .debug_abbrev  0x00000120      0x2a7 ./Core/Src/main.o
 .debug_abbrev  0x000003c7      0x1ec ./Core/Src/stm32f4xx_hal_msp.o
 .debug_abbrev  0x000005b3       0xa0 ./Core/Src/stm32f4xx_it.o
 .debug_abbrev  0x00000653       0xbc ./Core/Src/sysmem.o
 .debug_abbrev  0x0000070f      0x11a ./Core/Src/system_stm32f4xx.o
 .debug_abbrev  0x00000829      0x341 ./Core/Src/uac2_app.o
 .debug_abbrev  0x00000b6a      0x1a3 ./Core/Src/usb_descriptors.o
 .debug_abbrev  0x00000d0d       0x24 ./Core/Startup/startup_stm32f411ceux.o
 .debug_abbrev  0x00000d31      0x24b ./Drivers/STM32F4xx_HAL_Driver/Src/stm32f4xx_hal.o
 .debug_abbrev  0x00000f7c      0x31d ./Drivers/STM32F4xx_HAL_Driver/Src/stm32f4xx_hal_cortex.o
 .debug_abbrev  0x00001299      0x1d3 ./Drivers/STM32F4xx_HAL_Driver/Src/stm32f4xx_hal_gpio.o
 .debug_abbrev  0x0000146c      0x2b6 ./Drivers/STM32F4xx_HAL_Driver/Src/stm32f4xx_hal_pcd.o
 .debug_abbrev  0x00001722      0x2b6 ./Drivers/STM32F4xx_HAL_Driver/Src/stm32f4xx_hal_rcc.o
 .debug_abbrev  0x000019d8      0x2b3 ./Drivers/STM32F4xx_HAL_Driver/Src/stm32f4xx_ll_usb.o
 .debug_abbrev  0x00001c8b      0x476 ./tinyusb-0.20.0/src/class/audio/audio_device.o
 .debug_abbrev  0x00002101      0x484 ./tinyusb-0.20.0/src/class/cdc/cdc_device.o
 .debug_abbrev  0x00002585      0x339 ./tinyusb-0.20.0/src/common/tusb_fifo.o
 .debug_abbrev  0x000028be      0x5ab ./tinyusb-0.20.0/src/device/usbd.o
 .debug_abbrev  0x00002e69      0x312 ./tinyusb-0.20.0/src/device/usbd_control.o
 .debug_abbrev  0x0000317b      0x5cd ./tinyusb-0.20.0/src/portable/synopsys/dwc2/dcd_dwc2.o
 .debug_abbrev  0x00003748      0x404 ./tinyusb-0.20.0/src/portable/synopsys/dwc2/dwc2_common.o
 .debug_abbrev  0x00003b4c      0x3e2 ./tinyusb-0.20.0/src/tusb.o

.debug_aranges  0x00000000      0xff8
 .debug_aranges
                0x00000000       0x28 ./Core/Src/cdc_app.o
 .debug_aranges
                0x00000028       0x40 ./Core/Src/main.o
 .debug_aranges
                0x00000068       0x30 ./Core/Src/stm32f4xx_hal_msp.o
 .debug_aranges
                0x00000098       0x68 ./Core/Src/stm32f4xx_it.o
 .debug_aranges
                0x00000100       0x20 ./Core/Src/sysmem.o
 .debug_aranges
                0x00000120       0x28 ./Core/Src/system_stm32f4xx.o
 .debug_aranges
                0x00000148       0x70 ./Core/Src/uac2_app.o
 .debug_aranges
                0x000001b8       0x30 ./Core/Src/usb_descriptors.o
 .debug_aranges
                0x000001e8       0x28 ./Core/Startup/startup_stm32f411ceux.o
 .debug_aranges
                0x00000210       0xf0 ./Drivers/STM32F4xx_HAL_Driver/Src/stm32f4xx_hal.o
 .debug_aranges
                0x00000300      0x130 ./Drivers/STM32F4xx_HAL_Driver/Src/stm32f4xx_hal_cortex.o
 .debug_aranges
                0x00000430       0x58 ./Drivers/STM32F4xx_HAL_Driver/Src/stm32f4xx_hal_gpio.o
 .debug_aranges
                0x00000488      0x148 ./Drivers/STM32F4xx_HAL_Driver/Src/stm32f4xx_hal_pcd.o
 .debug_aranges
                0x000005d0       0x88 ./Drivers/STM32F4xx_HAL_Driver/Src/stm32f4xx_hal_rcc.o
 .debug_aranges
                0x00000658      0x1a0 ./Drivers/STM32F4xx_HAL_Driver/Src/stm32f4xx_ll_usb.o
 .debug_aranges
                0x000007f8      0x170 ./tinyusb-0.20.0/src/class/audio/audio_device.o
 .debug_aranges
                0x00000968       0xf0 ./tinyusb-0.20.0/src/class/cdc/cdc_device.o
 .debug_aranges
                0x00000a58      0x110 ./tinyusb-0.20.0/src/common/tusb_fifo.o
 .debug_aranges
                0x00000b68      0x1d8 ./tinyusb-0.20.0/src/device/usbd.o
 .debug_aranges
                0x00000d40       0x60 ./tinyusb-0.20.0/src/device/usbd_control.o
 .debug_aranges
                0x00000da0      0x120 ./tinyusb-0.20.0/src/portable/synopsys/dwc2/dcd_dwc2.o
 .debug_aranges
                0x00000ec0       0x68 ./tinyusb-0.20.0/src/portable/synopsys/dwc2/dwc2_common.o
 .debug_aranges
                0x00000f28       0xd0 ./tinyusb-0.20.0/src/tusb.o

.debug_rnglists
                0x00000000      0xcd0
 .debug_rnglists
                0x00000000       0x1a ./Core/Src/cdc_app.o
 .debug_rnglists
                0x0000001a       0x2c ./Core/Src/main.o
 .debug_rnglists
                0x00000046       0x20 ./Core/Src/stm32f4xx_hal_msp.o
 .debug_rnglists
                0x00000066       0x49 ./Core/Src/stm32f4xx_it.o
 .debug_rnglists
                0x000000af       0x13 ./Core/Src/sysmem.o
 .debug_rnglists
                0x000000c2       0x1a ./Core/Src/system_stm32f4xx.o
 .debug_rnglists
                0x000000dc       0x53 ./Core/Src/uac2_app.o
 .debug_rnglists
                0x0000012f       0x20 ./Core/Src/usb_descriptors.o
 .debug_rnglists
                0x0000014f       0x19 ./Core/Startup/startup_stm32f411ceux.o
 .debug_rnglists
                0x00000168       0xaf ./Drivers/STM32F4xx_HAL_Driver/Src/stm32f4xx_hal.o
 .debug_rnglists
                0x00000217       0xe0 ./Drivers/STM32F4xx_HAL_Driver/Src/stm32f4xx_hal_cortex.o
 .debug_rnglists
                0x000002f7       0x3f ./Drivers/STM32F4xx_HAL_Driver/Src/stm32f4xx_hal_gpio.o
 .debug_rnglists
                0x00000336       0xfa ./Drivers/STM32F4xx_HAL_Driver/Src/stm32f4xx_hal_pcd.o
 .debug_rnglists
                0x00000430       0x66 ./Drivers/STM32F4xx_HAL_Driver/Src/stm32f4xx_hal_rcc.o
 .debug_rnglists
                0x00000496      0x147 ./Drivers/STM32F4xx_HAL_Driver/Src/stm32f4xx_ll_usb.o
 .debug_rnglists
                0x000005dd      0x12d ./tinyusb-0.20.0/src/class/audio/audio_device.o
 .debug_rnglists
                0x0000070a       0xc4 ./tinyusb-0.20.0/src/class/cdc/cdc_device.o
 .debug_rnglists